Archive member included because of file (symbol)

/usr/local/pkg/sourcery-g++-lite-arm-eabi-2010.09.51-i686-1/arm-none-eabi/lib/thumb2/libc.a(lib_a-snprintf.o)
                              debug.o (snprintf)
/usr/local/pkg/sourcery-g++-lite-arm-eabi-2010.09.51-i686-1/arm-none-eabi/lib/thumb2/libc.a(lib_a-strlen.o)
                              debug.o (strlen)
/usr/local/pkg/sourcery-g++-lite-arm-eabi-2010.09.51-i686-1/arm-none-eabi/lib/thumb2/libc.a(lib_a-svfprintf.o)
                              /usr/local/pkg/sourcery-g++-lite-arm-eabi-2010.09.51-i686-1/arm-none-eabi/lib/thumb2/libc.a(lib_a-snprintf.o) (_svfprintf_r)
/usr/local/pkg/sourcery-g++-lite-arm-eabi-2010.09.51-i686-1/arm-none-eabi/lib/thumb2/libc.a(lib_a-dtoa.o)
                              /usr/local/pkg/sourcery-g++-lite-arm-eabi-2010.09.51-i686-1/arm-none-eabi/lib/thumb2/libc.a(lib_a-svfprintf.o) (_dtoa_r)
/usr/local/pkg/sourcery-g++-lite-arm-eabi-2010.09.51-i686-1/arm-none-eabi/lib/thumb2/libc.a(lib_a-impure.o)
                              /usr/local/pkg/sourcery-g++-lite-arm-eabi-2010.09.51-i686-1/arm-none-eabi/lib/thumb2/libc.a(lib_a-snprintf.o) (_impure_ptr)
/usr/local/pkg/sourcery-g++-lite-arm-eabi-2010.09.51-i686-1/arm-none-eabi/lib/thumb2/libc.a(lib_a-locale.o)
                              /usr/local/pkg/sourcery-g++-lite-arm-eabi-2010.09.51-i686-1/arm-none-eabi/lib/thumb2/libc.a(lib_a-svfprintf.o) (_localeconv_r)
/usr/local/pkg/sourcery-g++-lite-arm-eabi-2010.09.51-i686-1/arm-none-eabi/lib/thumb2/libc.a(lib_a-malloc.o)
                              /usr/local/pkg/sourcery-g++-lite-arm-eabi-2010.09.51-i686-1/arm-none-eabi/lib/thumb2/libc.a(lib_a-dtoa.o) (malloc)
/usr/local/pkg/sourcery-g++-lite-arm-eabi-2010.09.51-i686-1/arm-none-eabi/lib/thumb2/libc.a(lib_a-mallocr.o)
                              /usr/local/pkg/sourcery-g++-lite-arm-eabi-2010.09.51-i686-1/arm-none-eabi/lib/thumb2/libc.a(lib_a-svfprintf.o) (_malloc_r)
/usr/local/pkg/sourcery-g++-lite-arm-eabi-2010.09.51-i686-1/arm-none-eabi/lib/thumb2/libc.a(lib_a-memchr.o)
                              /usr/local/pkg/sourcery-g++-lite-arm-eabi-2010.09.51-i686-1/arm-none-eabi/lib/thumb2/libc.a(lib_a-svfprintf.o) (memchr)
/usr/local/pkg/sourcery-g++-lite-arm-eabi-2010.09.51-i686-1/arm-none-eabi/lib/thumb2/libc.a(lib_a-memcpy.o)
                              /usr/local/pkg/sourcery-g++-lite-arm-eabi-2010.09.51-i686-1/arm-none-eabi/lib/thumb2/libc.a(lib_a-dtoa.o) (memcpy)
/usr/local/pkg/sourcery-g++-lite-arm-eabi-2010.09.51-i686-1/arm-none-eabi/lib/thumb2/libc.a(lib_a-mlock.o)
                              /usr/local/pkg/sourcery-g++-lite-arm-eabi-2010.09.51-i686-1/arm-none-eabi/lib/thumb2/libc.a(lib_a-mallocr.o) (__malloc_lock)
/usr/local/pkg/sourcery-g++-lite-arm-eabi-2010.09.51-i686-1/arm-none-eabi/lib/thumb2/libc.a(lib_a-mprec.o)
                              /usr/local/pkg/sourcery-g++-lite-arm-eabi-2010.09.51-i686-1/arm-none-eabi/lib/thumb2/libc.a(lib_a-dtoa.o) (_Balloc)
/usr/local/pkg/sourcery-g++-lite-arm-eabi-2010.09.51-i686-1/arm-none-eabi/lib/thumb2/libc.a(lib_a-s_fpclassify.o)
                              /usr/local/pkg/sourcery-g++-lite-arm-eabi-2010.09.51-i686-1/arm-none-eabi/lib/thumb2/libc.a(lib_a-svfprintf.o) (__fpclassifyd)
/usr/local/pkg/sourcery-g++-lite-arm-eabi-2010.09.51-i686-1/arm-none-eabi/lib/thumb2/libc.a(lib_a-sbrkr.o)
                              /usr/local/pkg/sourcery-g++-lite-arm-eabi-2010.09.51-i686-1/arm-none-eabi/lib/thumb2/libc.a(lib_a-mallocr.o) (_sbrk_r)
/usr/local/pkg/sourcery-g++-lite-arm-eabi-2010.09.51-i686-1/arm-none-eabi/lib/thumb2/libc.a(lib_a-strcmp.o)
                              /usr/local/pkg/sourcery-g++-lite-arm-eabi-2010.09.51-i686-1/arm-none-eabi/lib/thumb2/libc.a(lib_a-locale.o) (strcmp)
/usr/local/pkg/sourcery-g++-lite-arm-eabi-2010.09.51-i686-1/arm-none-eabi/lib/thumb2/libc.a(lib_a-svfiprintf.o)
                              /usr/local/pkg/sourcery-g++-lite-arm-eabi-2010.09.51-i686-1/arm-none-eabi/lib/thumb2/libc.a(lib_a-svfprintf.o) (__ssprint_r)
/usr/local/pkg/sourcery-g++-lite-arm-eabi-2010.09.51-i686-1/arm-none-eabi/lib/thumb2/libc.a(lib_a-callocr.o)
                              /usr/local/pkg/sourcery-g++-lite-arm-eabi-2010.09.51-i686-1/arm-none-eabi/lib/thumb2/libc.a(lib_a-mprec.o) (_calloc_r)
/usr/local/pkg/sourcery-g++-lite-arm-eabi-2010.09.51-i686-1/arm-none-eabi/lib/thumb2/libc.a(lib_a-freer.o)
                              /usr/local/pkg/sourcery-g++-lite-arm-eabi-2010.09.51-i686-1/arm-none-eabi/lib/thumb2/libc.a(lib_a-malloc.o) (_free_r)
/usr/local/pkg/sourcery-g++-lite-arm-eabi-2010.09.51-i686-1/arm-none-eabi/lib/thumb2/libc.a(lib_a-memmove.o)
                              /usr/local/pkg/sourcery-g++-lite-arm-eabi-2010.09.51-i686-1/arm-none-eabi/lib/thumb2/libc.a(lib_a-svfiprintf.o) (memmove)
/usr/local/pkg/sourcery-g++-lite-arm-eabi-2010.09.51-i686-1/arm-none-eabi/lib/thumb2/libc.a(lib_a-memset.o)
[...]
Memory Configuration

Name             Origin             Length             Attributes
rom              0x00000000         0x00080000         xr
ram              0x10000000         0x00008000         xrw
ram1             0x2007c000         0x00004000         xrw
ram2             0x20080000         0x00004000         xrw
*default*        0x00000000         0xffffffff

Linker script and memory map

LOAD /opt/york/cs/net/sourcery-g++-lite-arm-eabi-2010.09.51-i686-1/bin/../lib/gcc/arm-none-eabi/4.5.1/thumb2/crti.o
LOAD /opt/york/cs/net/sourcery-g++-lite-arm-eabi-2010.09.51-i686-1/bin/../lib/gcc/arm-none-eabi/4.5.1/thumb2/crtbegin.o
LOAD debug.o
LOAD i2c.o
LOAD systick.o
LOAD lcd.o
LOAD keypad.o
LOAD main.o
LOAD /usr/local/pkg/lpc1700-cmsis-lite-2011.01.26-i686-1/lib/core_cm3.o
LOAD /usr/local/pkg/lpc1700-cmsis-lite-2011.01.26-i686-1/lib/system_LPC17xx.o
LOAD /usr/local/pkg/lpc1700-cmsis-lite-2011.01.26-i686-1/lib/startup_LPC17xx.o
START GROUP
LOAD /usr/local/pkg/sourcery-g++-lite-arm-eabi-2010.09.51-i686-1/arm-none-eabi/lib/thumb2/libc.a
LOAD /usr/local/pkg/sourcery-g++-lite-arm-eabi-2010.09.51-i686-1/arm-none-eabi/lib/thumb2/libg.a
LOAD /usr/local/pkg/sourcery-g++-lite-arm-eabi-2010.09.51-i686-1/arm-none-eabi/lib/thumb2/libstdc++.a
LOAD /usr/local/pkg/sourcery-g++-lite-arm-eabi-2010.09.51-i686-1/arm-none-eabi/lib/thumb2/libsupc++.a
LOAD /opt/york/cs/net/sourcery-g++-lite-arm-eabi-2010.09.51-i686-1/bin/../lib/gcc/arm-none-eabi/4.5.1/thumb2/libgcc.a
LOAD /usr/local/pkg/sourcery-g++-lite-arm-eabi-2010.09.51-i686-1/arm-none-eabi/lib/thumb2/libm.a
END GROUP
START GROUP
LOAD /opt/york/cs/net/sourcery-g++-lite-arm-eabi-2010.09.51-i686-1/bin/../lib/gcc/arm-none-eabi/4.5.1/thumb2/libgcc.a
LOAD /usr/local/pkg/sourcery-g++-lite-arm-eabi-2010.09.51-i686-1/arm-none-eabi/lib/thumb2/libc.a
LOAD /usr/local/pkg/sourcery-g++-lite-arm-eabi-2010.09.51-i686-1/arm-none-eabi/lib/thumb2/libcs3.a
LOAD /usr/local/pkg/sourcery-g++-lite-arm-eabi-2010.09.51-i686-1/arm-none-eabi/lib/thumb2/libcs3unhosted.a
LOAD /usr/local/pkg/sourcery-g++-lite-arm-eabi-2010.09.51-i686-1/arm-none-eabi/lib/thumb2/libcs3micro.a
END GROUP
                0x10008000                PROVIDE (__cs3_stack, (__cs3_region_start_ram + __cs3_region_size_ram))
                0x000079e8                PROVIDE (__cs3_stack_size, ((__cs3_region_start_ram + __cs3_region_size_ram) - _end))
                0x10000618                PROVIDE (__cs3_heap_start, _end)
                0x10008000                PROVIDE (__cs3_heap_end, (__cs3_region_start_ram + __cs3_region_size_ram))

.text           0x00000000     0xb018
 CREATE_OBJECT_SYMBOLS
                0x00000000                __cs3_region_start_rom = .
 *(.cs3.region-head.rom)
                0x00000000                __cs3_interrupt_vector = __cs3_interrupt_vector_cortex_m
 *(.cs3.interrupt_vector)
 .cs3.interrupt_vector
                0x00000000       0xcc /usr/local/pkg/lpc1700-cmsis-lite-2011.01.26-i686-1/lib/startup_LPC17xx.o
                0x00000000                __cs3_interrupt_vector_cortex_m
                0x00000001                ASSERT ((. != __cs3_interrupt_vector_cortex_m), No interrupt vector)
 *(.rom)
 *(.rom.b)
                0x000000cc                __cs3_reset = __cs3_reset_cortex_m
 *(.cs3.reset)
 .cs3.reset     0x000000cc       0x10 /usr/local/pkg/lpc1700-cmsis-lite-2011.01.26-i686-1/lib/startup_LPC17xx.o
                0x000000cc                __cs3_reset_cortex_m
                0x00000001                ASSERT ((. != __cs3_reset), No reset code)
 *(.text .text.* .gnu.linkonce.t.*)
 .text          0x000000dc        0x0 /opt/york/cs/net/sourcery-g++-lite-arm-eabi-2010.09.51-i686-1/bin/../lib/gcc/arm-none-eabi/4.5.1/thumb2/crti.o
 .text          0x000000dc       0x30 /opt/york/cs/net/sourcery-g++-lite-arm-eabi-2010.09.51-i686-1/bin/../lib/gcc/arm-none-eabi/4.5.1/thumb2/crtbegin.o
 .text          0x0000010c        0x0 debug.o
 .text.DEBUG_write
                0x0000010c       0x28 debug.o
                0x0000010c                DEBUG_write
 .text.DEBUG_write_int
                0x00000134       0x9c debug.o
                0x00000134                DEBUG_write_int
 .text.write_usb_serial_blocking
                0x000001d0       0x2c debug.o
                0x000001d0                write_usb_serial_blocking
 .text.read_usb_serial_none_blocking
                0x000001fc       0x2c debug.o
                0x000001fc                read_usb_serial_none_blocking
 .text.DEBUG_init
                0x00000228       0x90 debug.o
                0x00000228                DEBUG_init
 .text          0x000002b8        0x0 i2c.o
 .text.I2C_init
                0x000002b8       0x68 i2c.o
                0x000002b8                I2C_init
 .text.I2C_send
                0x00000320       0x4c i2c.o
                0x00000320                I2C_send
 .text.I2C_tr   0x0000036c       0x4c i2c.o
                0x0000036c                I2C_tr
 .text          0x000003b8        0x0 systick.o
 .text.SYSTICK_init
                0x000003b8       0x24 systick.o
                0x000003b8                SYSTICK_init
 .text.SysTick_Handler
                0x000003dc       0x30 systick.o
                0x000003dc                SysTick_Handler
 .text.SYSTICK_wait
                0x0000040c       0x58 systick.o
                0x0000040c                SYSTICK_wait
 .text          0x00000464        0x0 lcd.o
 .text.LCD_init
                0x00000464       0x34 lcd.o
                0x00000464                LCD_init
 .text.LCD_send_char
                0x00000498       0x94 lcd.o
                0x00000498                LCD_send_char
 .text.LCD_write
                0x0000052c       0x7c lcd.o
                0x0000052c                LCD_write
 .text.LCD_write_length
                0x000005a8       0x88 lcd.o
                0x000005a8                LCD_write_length
 .text.LCD_write_int
                0x00000630       0x3c lcd.o
                0x00000630                LCD_write_int
 .text.LCD_clear
                0x0000066c       0x30 lcd.o
                0x0000066c                LCD_clear
 .text          0x0000069c        0x0 keypad.o
 .text.KEYPAD_get_keys
                0x0000069c       0xa4 keypad.o
                0x0000069c                KEYPAD_get_keys
 .text.KEYPAD_get_char
                0x00000740      0x11c keypad.o
                0x00000740                KEYPAD_get_char
 .text          0x0000085c        0x0 main.o
 .text.eval     0x0000085c       0xd8 main.o
                0x0000085c                eval
 .text.main     0x00000934      0x1a4 main.o
                0x00000934                main
 .text          0x00000ad8        0x0 /usr/local/pkg/lpc1700-cmsis-lite-2011.01.26-i686-1/lib/core_cm3.o
 .text          0x00000ad8        0x0 /usr/local/pkg/lpc1700-cmsis-lite-2011.01.26-i686-1/lib/system_LPC17xx.o
 .text.SystemCoreClockUpdate
                0x00000ad8      0x228 /usr/local/pkg/lpc1700-cmsis-lite-2011.01.26-i686-1/lib/system_LPC17xx.o
                0x00000ad8                SystemCoreClockUpdate
 .text.SystemInit
                0x00000d00      0x240 /usr/local/pkg/lpc1700-cmsis-lite-2011.01.26-i686-1/lib/system_LPC17xx.o
                0x00000d00                SystemInit
 .text          0x00000f40       0x14 /usr/local/pkg/lpc1700-cmsis-lite-2011.01.26-i686-1/lib/startup_LPC17xx.o
                0x00000f40                NMI_Handler
                0x00000f42                HardFault_Handler
                0x00000f44                MemManage_Handler
                0x00000f46                BusFault_Handler
                0x00000f48                UsageFault_Handler
                0x00000f4a                SVC_Handler
                0x00000f4c                DebugMon_Handler
                0x00000f4e                PendSV_Handler
                0x00000f52                TIMER2_IRQHandler
                0x00000f52                RIT_IRQHandler
                0x00000f52                I2C0_IRQHandler
                0x00000f52                USBActivity_IRQHandler
                0x00000f52                PWM1_IRQHandler
                0x00000f52                I2C1_IRQHandler
                0x00000f52                EINT2_IRQHandler
                0x00000f52                UART1_IRQHandler
                0x00000f52                EINT3_IRQHandler
                0x00000f52                CANActivity_IRQHandler
                0x00000f52                TIMER3_IRQHandler
                0x00000f52                UART0_IRQHandler
                0x00000f52                PLL0_IRQHandler
                0x00000f52                CAN_IRQHandler
                0x00000f52                PLL1_IRQHandler
                0x00000f52                SSP0_IRQHandler
                0x00000f52                I2S_IRQHandler
                0x00000f52                I2C2_IRQHandler
                0x00000f52                RTC_IRQHandler
                0x00000f52                TIMER0_IRQHandler
                0x00000f52                SPI_IRQHandler
                0x00000f52                EINT1_IRQHandler
                0x00000f52                TIMER1_IRQHandler
                0x00000f52                UART2_IRQHandler
                0x00000f52                Default_Handler
                0x00000f52                ADC_IRQHandler
                0x00000f52                SSP1_IRQHandler
                0x00000f52                USB_IRQHandler
                0x00000f52                BOD_IRQHandler
                0x00000f52                WDT_IRQHandler
                0x00000f52                QEI_IRQHandler
                0x00000f52                EINT0_IRQHandler
                0x00000f52                DMA_IRQHandler
                0x00000f52                UART3_IRQHandler
                0x00000f52                MCPWM_IRQHandler
                0x00000f52                ENET_IRQHandler
 .text          0x00000f54       0xd0 /usr/local/pkg/sourcery-g++-lite-arm-eabi-2010.09.51-i686-1/arm-none-eabi/lib/thumb2/libc.a(lib_a-snprintf.o)
                0x00000f54                _snprintf_r
                0x00000fb8                snprintf
 .text          0x00001024       0x60 /usr/local/pkg/sourcery-g++-lite-arm-eabi-2010.09.51-i686-1/arm-none-eabi/lib/thumb2/libc.a(lib_a-strlen.o)
                0x00001024                strlen
 .text          0x00001084     0x1658 /usr/local/pkg/sourcery-g++-lite-arm-eabi-2010.09.51-i686-1/arm-none-eabi/lib/thumb2/libc.a(lib_a-svfprintf.o)
                0x00001084                _svfprintf_r
 *fill*         0x000026dc        0x4 00
 .text          0x000026e0     0x1000 /usr/local/pkg/sourcery-g++-lite-arm-eabi-2010.09.51-i686-1/arm-none-eabi/lib/thumb2/libc.a(lib_a-dtoa.o)
                0x0000280c                _dtoa_r
 .text          0x000036e0        0x0 /usr/local/pkg/sourcery-g++-lite-arm-eabi-2010.09.51-i686-1/arm-none-eabi/lib/thumb2/libc.a(lib_a-impure.o)
 .text          0x000036e0       0xa0 /usr/local/pkg/sourcery-g++-lite-arm-eabi-2010.09.51-i686-1/arm-none-eabi/lib/thumb2/libc.a(lib_a-locale.o)
                0x000036e0                _setlocale_r
                0x0000373c                __locale_charset
                0x00003748                __locale_mb_cur_max
                0x00003754                __locale_msgcharset
                0x0000375c                __locale_cjk_lang
                0x00003760                _localeconv_r
                0x00003768                setlocale
                0x00003778                localeconv
 .text          0x00003780       0x20 /usr/local/pkg/sourcery-g++-lite-arm-eabi-2010.09.51-i686-1/arm-none-eabi/lib/thumb2/libc.a(lib_a-malloc.o)
                0x00003780                malloc
                0x00003790                free
 .text          0x000037a0      0x57c /usr/local/pkg/sourcery-g++-lite-arm-eabi-2010.09.51-i686-1/arm-none-eabi/lib/thumb2/libc.a(lib_a-mallocr.o)
                0x000037a0                _malloc_r
 .text          0x00003d1c       0x88 /usr/local/pkg/sourcery-g++-lite-arm-eabi-2010.09.51-i686-1/arm-none-eabi/lib/thumb2/libc.a(lib_a-memchr.o)
                0x00003d1c                memchr
 .text          0x00003da4      0x150 /usr/local/pkg/sourcery-g++-lite-arm-eabi-2010.09.51-i686-1/arm-none-eabi/lib/thumb2/libc.a(lib_a-memcpy.o)
                0x00003da4                memcpy
 .text          0x00003ef4        0x8 /usr/local/pkg/sourcery-g++-lite-arm-eabi-2010.09.51-i686-1/arm-none-eabi/lib/thumb2/libc.a(lib_a-mlock.o)
                0x00003ef4                __malloc_lock
                0x00003ef8                __malloc_unlock
 .text          0x00003efc      0x920 /usr/local/pkg/sourcery-g++-lite-arm-eabi-2010.09.51-i686-1/arm-none-eabi/lib/thumb2/libc.a(lib_a-mprec.o)
                0x00003efc                _Balloc
                0x00003f64                _Bfree
                0x00003f9c                __multadd
                0x00004020                __s2b
                0x000040b4                __hi0bits
                0x000040f4                __lo0bits
                0x00004158                __i2b
                0x0000416c                __multiply
                0x00004294                __pow5mult
                0x00004338                __lshift
                0x000043e4                __mcmp
                0x00004420                __mdiff
                0x00004518                __ulp
                0x00004560                __b2d
                0x0000460c                __d2b
                0x000046d4                __ratio
                0x00004744                _mprec_log10
                0x00004778                __copybits
                0x000047c0                __any_on
 .text          0x0000481c       0x90 /usr/local/pkg/sourcery-g++-lite-arm-eabi-2010.09.51-i686-1/arm-none-eabi/lib/thumb2/libc.a(lib_a-s_fpclassify.o)
                0x0000481c                __fpclassifyd
 .text          0x000048ac       0x28 /usr/local/pkg/sourcery-g++-lite-arm-eabi-2010.09.51-i686-1/arm-none-eabi/lib/thumb2/libc.a(lib_a-sbrkr.o)
                0x000048ac                _sbrk_r
 .text          0x000048d4      0x1dc /usr/local/pkg/sourcery-g++-lite-arm-eabi-2010.09.51-i686-1/arm-none-eabi/lib/thumb2/libc.a(lib_a-strcmp.o)
                0x000048d4                strcmp
 .text          0x00004ab0      0xbe4 /usr/local/pkg/sourcery-g++-lite-arm-eabi-2010.09.51-i686-1/arm-none-eabi/lib/thumb2/libc.a(lib_a-svfiprintf.o)
                0x00004ab0                __ssprint_r
                0x00004bb8                _svfiprintf_r
 .text          0x00005694       0x5c /usr/local/pkg/sourcery-g++-lite-arm-eabi-2010.09.51-i686-1/arm-none-eabi/lib/thumb2/libc.a(lib_a-callocr.o)
                0x00005694                _calloc_r
 .text          0x000056f0      0x240 /usr/local/pkg/sourcery-g++-lite-arm-eabi-2010.09.51-i686-1/arm-none-eabi/lib/thumb2/libc.a(lib_a-freer.o)
                0x000056f0                _malloc_trim_r
                0x00005798                _free_r
 .text          0x00005930       0xa0 /usr/local/pkg/sourcery-g++-lite-arm-eabi-2010.09.51-i686-1/arm-none-eabi/lib/thumb2/libc.a(lib_a-memmove.o)
                0x00005930                memmove
 .text          0x000059d0       0xb4 /usr/local/pkg/sourcery-g++-lite-arm-eabi-2010.09.51-i686-1/arm-none-eabi/lib/thumb2/libc.a(lib_a-memset.o)
                0x000059d0                memset
 .text          0x00005a84      0x41c /usr/local/pkg/sourcery-g++-lite-arm-eabi-2010.09.51-i686-1/arm-none-eabi/lib/thumb2/libc.a(lib_a-reallocr.o)
                0x00005a84                _realloc_r
 .text          0x00005ea0      0x114 /usr/local/pkg/sourcery-g++-lite-arm-eabi-2010.09.51-i686-1/arm-none-eabi/lib/thumb2/libc.a(lib_a-reent.o)
                0x00005ea0                cleanup_glue
                0x00005ebc                _reclaim_reent
                0x00005f7c                _wrapup_reent
 *fill*         0x00005fb4        0x4 00
 .text          0x00005fb8      0x278 /opt/york/cs/net/sourcery-g++-lite-arm-eabi-2010.09.51-i686-1/bin/../lib/gcc/arm-none-eabi/4.5.1/thumb2/libgcc.a(_udivsi3.o)
                0x00005fb8                __udivsi3
                0x00005fb8                __aeabi_uidiv
                0x00006214                __aeabi_uidivmod
 .text          0x00006230        0x4 /opt/york/cs/net/sourcery-g++-lite-arm-eabi-2010.09.51-i686-1/bin/../lib/gcc/arm-none-eabi/4.5.1/thumb2/libgcc.a(_dvmd_tls.o)
                0x00006230                __aeabi_ldiv0
                0x00006230                __aeabi_idiv0
 .text          0x00006234      0x370 /opt/york/cs/net/sourcery-g++-lite-arm-eabi-2010.09.51-i686-1/bin/../lib/gcc/arm-none-eabi/4.5.1/thumb2/libgcc.a(_arm_addsubdf3.o)
                0x00006234                __aeabi_drsub
                0x0000623c                __aeabi_dsub
                0x0000623c                __subdf3
                0x00006240                __adddf3
                0x00006240                __aeabi_dadd
                0x000064b8                __aeabi_ui2d
                0x000064b8                __floatunsidf
                0x000064d8                __floatsidf
                0x000064d8                __aeabi_i2d
                0x000064fc                __extendsfdf2
                0x000064fc                __aeabi_f2d
                0x00006538                __aeabi_ul2d
                0x00006538                __floatundidf
                0x00006548                __floatdidf
                0x00006548                __aeabi_l2d
 .text          0x000065a4      0x424 /opt/york/cs/net/sourcery-g++-lite-arm-eabi-2010.09.51-i686-1/bin/../lib/gcc/arm-none-eabi/4.5.1/thumb2/libgcc.a(_arm_muldivdf3.o)
                0x000065a4                __aeabi_dmul
                0x000065a4                __muldf3
                0x000067f8                __aeabi_ddiv
                0x000067f8                __divdf3
 .text          0x000069c8      0x110 /opt/york/cs/net/sourcery-g++-lite-arm-eabi-2010.09.51-i686-1/bin/../lib/gcc/arm-none-eabi/4.5.1/thumb2/libgcc.a(_arm_cmpdf2.o)
                0x000069c8                __gtdf2
                0x000069c8                __gedf2
                0x000069d0                __ltdf2
                0x000069d0                __ledf2
                0x000069d8                __cmpdf2
                0x000069d8                __eqdf2
                0x000069d8                __nedf2
                0x00006a54                __aeabi_cdrcmple
                0x00006a64                __aeabi_cdcmple
                0x00006a64                __aeabi_cdcmpeq
                0x00006a74                __aeabi_dcmpeq
                0x00006a88                __aeabi_dcmplt
                0x00006a9c                __aeabi_dcmple
                0x00006ab0                __aeabi_dcmpge
                0x00006ac4                __aeabi_dcmpgt
 .text          0x00006ad8       0x50 /opt/york/cs/net/sourcery-g++-lite-arm-eabi-2010.09.51-i686-1/bin/../lib/gcc/arm-none-eabi/4.5.1/thumb2/libgcc.a(_arm_fixdfsi.o)
                0x00006ad8                __fixdfsi
                0x00006ad8                __aeabi_d2iz
 .text          0x00006b28      0x2a0 /opt/york/cs/net/sourcery-g++-lite-arm-eabi-2010.09.51-i686-1/bin/../lib/gcc/arm-none-eabi/4.5.1/thumb2/libgcc.a(_arm_muldivsf3.o)
                0x00006b28                __mulsf3
                0x00006b28                __aeabi_fmul
                0x00006c90                __divsf3
                0x00006c90                __aeabi_fdiv
 .text          0x00006dc8       0x4c /opt/york/cs/net/sourcery-g++-lite-arm-eabi-2010.09.51-i686-1/bin/../lib/gcc/arm-none-eabi/4.5.1/thumb2/libgcc.a(_arm_fixsfsi.o)
                0x00006dc8                __fixsfsi
                0x00006dc8                __aeabi_f2iz
 .text          0x00006e14       0x2c /opt/york/cs/net/sourcery-g++-lite-arm-eabi-2010.09.51-i686-1/bin/../lib/gcc/arm-none-eabi/4.5.1/thumb2/libgcc.a(_aeabi_uldivmod.o)
                0x00006e14                __aeabi_uldivmod
 .text          0x00006e40       0x60 /opt/york/cs/net/sourcery-g++-lite-arm-eabi-2010.09.51-i686-1/bin/../lib/gcc/arm-none-eabi/4.5.1/thumb2/libgcc.a(bpabi.o)
                0x00006e40                __gnu_ldivmod_helper
                0x00006e70                __gnu_uldivmod_helper
 .text          0x00006ea0      0x364 /opt/york/cs/net/sourcery-g++-lite-arm-eabi-2010.09.51-i686-1/bin/../lib/gcc/arm-none-eabi/4.5.1/thumb2/libgcc.a(_divdi3.o)
                0x00006ea0                __divdi3
 .text          0x00007204      0x314 /opt/york/cs/net/sourcery-g++-lite-arm-eabi-2010.09.51-i686-1/bin/../lib/gcc/arm-none-eabi/4.5.1/thumb2/libgcc.a(_udivdi3.o)
                0x00007204                __udivdi3
 .text          0x00007518       0x30 /usr/local/pkg/sourcery-g++-lite-arm-eabi-2010.09.51-i686-1/arm-none-eabi/lib/thumb2/libcs3.a(start_c.o)
                0x00007518                __cs3_premain
 .text.cs3.init
                0x00007548       0x50 /usr/local/pkg/sourcery-g++-lite-arm-eabi-2010.09.51-i686-1/arm-none-eabi/lib/thumb2/libcs3.a(start_c.o)
                0x00007548                __cs3_start_c
 .text          0x00007598       0x40 /usr/local/pkg/sourcery-g++-lite-arm-eabi-2010.09.51-i686-1/arm-none-eabi/lib/thumb2/libcs3unhosted.a(unhosted-sbrk.o)
                0x00007598                _sbrk
 .text          0x000075d8        0x0 /usr/local/pkg/sourcery-g++-lite-arm-eabi-2010.09.51-i686-1/arm-none-eabi/lib/thumb2/libcs3unhosted.a(unhosted-start.o)
 .text.cs3.init
                0x000075d8       0x10 /usr/local/pkg/sourcery-g++-lite-arm-eabi-2010.09.51-i686-1/arm-none-eabi/lib/thumb2/libcs3unhosted.a(unhosted-start.o)
                0x000075d8                _start
 .text          0x000075e8        0xc /usr/local/pkg/sourcery-g++-lite-arm-eabi-2010.09.51-i686-1/arm-none-eabi/lib/thumb2/libc.a(lib_a-errno.o)
                0x000075e8                __errno
 .text          0x000075f4       0x50 /usr/local/pkg/sourcery-g++-lite-arm-eabi-2010.09.51-i686-1/arm-none-eabi/lib/thumb2/libc.a(lib_a-init.o)
                0x000075f4                __libc_init_array
 .text          0x00007644        0x0 /usr/local/pkg/sourcery-g++-lite-arm-eabi-2010.09.51-i686-1/arm-none-eabi/lib/thumb2/libcs3.a(heap.o)
 .text          0x00007644        0x0 /usr/local/pkg/lpc1700-cmsis-lite-2011.01.26-i686-1/lib/libDriversLPC17xxgnu.a(lpc17xx_i2c.o)
 .text.NVIC_EnableIRQ
                0x00007644       0x38 /usr/local/pkg/lpc1700-cmsis-lite-2011.01.26-i686-1/lib/libDriversLPC17xxgnu.a(lpc17xx_i2c.o)
 .text.NVIC_DisableIRQ
                0x0000767c       0x3c /usr/local/pkg/lpc1700-cmsis-lite-2011.01.26-i686-1/lib/libDriversLPC17xxgnu.a(lpc17xx_i2c.o)
 .text.I2C_getNum
                0x000076b8       0x54 /usr/local/pkg/lpc1700-cmsis-lite-2011.01.26-i686-1/lib/libDriversLPC17xxgnu.a(lpc17xx_i2c.o)
 .text.I2C_Start
                0x0000770c       0x44 /usr/local/pkg/lpc1700-cmsis-lite-2011.01.26-i686-1/lib/libDriversLPC17xxgnu.a(lpc17xx_i2c.o)
 .text.I2C_Stop
                0x00007750       0x38 /usr/local/pkg/lpc1700-cmsis-lite-2011.01.26-i686-1/lib/libDriversLPC17xxgnu.a(lpc17xx_i2c.o)
 .text.I2C_SendByte
                0x00007788       0x50 /usr/local/pkg/lpc1700-cmsis-lite-2011.01.26-i686-1/lib/libDriversLPC17xxgnu.a(lpc17xx_i2c.o)
 .text.I2C_GetByte
                0x000077d8       0x5c /usr/local/pkg/lpc1700-cmsis-lite-2011.01.26-i686-1/lib/libDriversLPC17xxgnu.a(lpc17xx_i2c.o)
 .text.I2C_SetClock
                0x00007834       0xc8 /usr/local/pkg/lpc1700-cmsis-lite-2011.01.26-i686-1/lib/libDriversLPC17xxgnu.a(lpc17xx_i2c.o)
 .text.I2C_Init
                0x000078fc       0xd8 /usr/local/pkg/lpc1700-cmsis-lite-2011.01.26-i686-1/lib/libDriversLPC17xxgnu.a(lpc17xx_i2c.o)
                0x000078fc                I2C_Init
 .text.I2C_DeInit
                0x000079d4       0xa4 /usr/local/pkg/lpc1700-cmsis-lite-2011.01.26-i686-1/lib/libDriversLPC17xxgnu.a(lpc17xx_i2c.o)
                0x000079d4                I2C_DeInit
 .text.I2C_Cmd  0x00007a78       0x84 /usr/local/pkg/lpc1700-cmsis-lite-2011.01.26-i686-1/lib/libDriversLPC17xxgnu.a(lpc17xx_i2c.o)
                0x00007a78                I2C_Cmd
 .text.I2C_IntCmd
                0x00007afc       0xa8 /usr/local/pkg/lpc1700-cmsis-lite-2011.01.26-i686-1/lib/libDriversLPC17xxgnu.a(lpc17xx_i2c.o)
                0x00007afc                I2C_IntCmd
 .text.I2C_MasterHandler
                0x00007ba4      0x3d8 /usr/local/pkg/lpc1700-cmsis-lite-2011.01.26-i686-1/lib/libDriversLPC17xxgnu.a(lpc17xx_i2c.o)
                0x00007ba4                I2C_MasterHandler
 .text.I2C_SlaveHandler
                0x00007f7c      0x1d8 /usr/local/pkg/lpc1700-cmsis-lite-2011.01.26-i686-1/lib/libDriversLPC17xxgnu.a(lpc17xx_i2c.o)
                0x00007f7c                I2C_SlaveHandler
 .text.I2C_MasterTransferData
                0x00008154      0x33c /usr/local/pkg/lpc1700-cmsis-lite-2011.01.26-i686-1/lib/libDriversLPC17xxgnu.a(lpc17xx_i2c.o)
                0x00008154                I2C_MasterTransferData
 .text.I2C_SlaveTransferData
                0x00008490      0x268 /usr/local/pkg/lpc1700-cmsis-lite-2011.01.26-i686-1/lib/libDriversLPC17xxgnu.a(lpc17xx_i2c.o)
                0x00008490                I2C_SlaveTransferData
 .text.I2C_SetOwnSlaveAddr
                0x000086f8      0x118 /usr/local/pkg/lpc1700-cmsis-lite-2011.01.26-i686-1/lib/libDriversLPC17xxgnu.a(lpc17xx_i2c.o)
                0x000086f8                I2C_SetOwnSlaveAddr
 .text.I2C_MonitorModeConfig
                0x00008810       0x9c /usr/local/pkg/lpc1700-cmsis-lite-2011.01.26-i686-1/lib/libDriversLPC17xxgnu.a(lpc17xx_i2c.o)
                0x00008810                I2C_MonitorModeConfig
 .text.I2C_MonitorModeCmd
                0x000088ac       0xb0 /usr/local/pkg/lpc1700-cmsis-lite-2011.01.26-i686-1/lib/libDriversLPC17xxgnu.a(lpc17xx_i2c.o)
                0x000088ac                I2C_MonitorModeCmd
 .text.I2C_MonitorGetDatabuffer
                0x0000895c       0x54 /usr/local/pkg/lpc1700-cmsis-lite-2011.01.26-i686-1/lib/libDriversLPC17xxgnu.a(lpc17xx_i2c.o)
                0x0000895c                I2C_MonitorGetDatabuffer
 .text.I2C_MonitorHandler
                0x000089b0       0x6c /usr/local/pkg/lpc1700-cmsis-lite-2011.01.26-i686-1/lib/libDriversLPC17xxgnu.a(lpc17xx_i2c.o)
                0x000089b0                I2C_MonitorHandler
 .text.I2C_MasterTransferComplete
                0x00008a1c       0x40 /usr/local/pkg/lpc1700-cmsis-lite-2011.01.26-i686-1/lib/libDriversLPC17xxgnu.a(lpc17xx_i2c.o)
                0x00008a1c                I2C_MasterTransferComplete
 .text.I2C_SlaveTransferComplete
                0x00008a5c       0x40 /usr/local/pkg/lpc1700-cmsis-lite-2011.01.26-i686-1/lib/libDriversLPC17xxgnu.a(lpc17xx_i2c.o)
                0x00008a5c                I2C_SlaveTransferComplete
 .text          0x00008a9c        0x0 /usr/local/pkg/lpc1700-cmsis-lite-2011.01.26-i686-1/lib/libDriversLPC17xxgnu.a(lpc17xx_libcfg_default.o)
 .text.check_failed
                0x00008a9c        0xc /usr/local/pkg/lpc1700-cmsis-lite-2011.01.26-i686-1/lib/libDriversLPC17xxgnu.a(lpc17xx_libcfg_default.o)
                0x00008a9c                check_failed
 .text          0x00008aa8        0x0 /usr/local/pkg/lpc1700-cmsis-lite-2011.01.26-i686-1/lib/libDriversLPC17xxgnu.a(lpc17xx_pinsel.o)
 .text.set_PinFunc
                0x00008aa8       0xa0 /usr/local/pkg/lpc1700-cmsis-lite-2011.01.26-i686-1/lib/libDriversLPC17xxgnu.a(lpc17xx_pinsel.o)
 .text.set_ResistorMode
                0x00008b48       0xa0 /usr/local/pkg/lpc1700-cmsis-lite-2011.01.26-i686-1/lib/libDriversLPC17xxgnu.a(lpc17xx_pinsel.o)
 .text.set_OpenDrainMode
                0x00008be8       0x80 /usr/local/pkg/lpc1700-cmsis-lite-2011.01.26-i686-1/lib/libDriversLPC17xxgnu.a(lpc17xx_pinsel.o)
 .text.PINSEL_ConfigTraceFunc
                0x00008c68       0x54 /usr/local/pkg/lpc1700-cmsis-lite-2011.01.26-i686-1/lib/libDriversLPC17xxgnu.a(lpc17xx_pinsel.o)
                0x00008c68                PINSEL_ConfigTraceFunc
 .text.PINSEL_SetI2C0Pins
                0x00008cbc       0x3c /usr/local/pkg/lpc1700-cmsis-lite-2011.01.26-i686-1/lib/libDriversLPC17xxgnu.a(lpc17xx_pinsel.o)
                0x00008cbc                PINSEL_SetI2C0Pins
 .text.PINSEL_ConfigPin
                0x00008cf8       0x54 /usr/local/pkg/lpc1700-cmsis-lite-2011.01.26-i686-1/lib/libDriversLPC17xxgnu.a(lpc17xx_pinsel.o)
                0x00008cf8                PINSEL_ConfigPin
 .text          0x00008d4c        0x0 /usr/local/pkg/lpc1700-cmsis-lite-2011.01.26-i686-1/lib/libDriversLPC17xxgnu.a(lpc17xx_systick.o)
 .text.SYSTICK_InternalInit
                0x00008d4c       0xb0 /usr/local/pkg/lpc1700-cmsis-lite-2011.01.26-i686-1/lib/libDriversLPC17xxgnu.a(lpc17xx_systick.o)
                0x00008d4c                SYSTICK_InternalInit
 .text.SYSTICK_ExternalInit
                0x00008dfc       0xc4 /usr/local/pkg/lpc1700-cmsis-lite-2011.01.26-i686-1/lib/libDriversLPC17xxgnu.a(lpc17xx_systick.o)
                0x00008dfc                SYSTICK_ExternalInit
 .text.SYSTICK_Cmd
                0x00008ec0       0x68 /usr/local/pkg/lpc1700-cmsis-lite-2011.01.26-i686-1/lib/libDriversLPC17xxgnu.a(lpc17xx_systick.o)
                0x00008ec0                SYSTICK_Cmd
 .text.SYSTICK_IntCmd
                0x00008f28       0x68 /usr/local/pkg/lpc1700-cmsis-lite-2011.01.26-i686-1/lib/libDriversLPC17xxgnu.a(lpc17xx_systick.o)
                0x00008f28                SYSTICK_IntCmd
 .text.SYSTICK_GetCurrentValue
                0x00008f90       0x18 /usr/local/pkg/lpc1700-cmsis-lite-2011.01.26-i686-1/lib/libDriversLPC17xxgnu.a(lpc17xx_systick.o)
                0x00008f90                SYSTICK_GetCurrentValue
 .text.SYSTICK_ClearCounterFlag
                0x00008fa8       0x24 /usr/local/pkg/lpc1700-cmsis-lite-2011.01.26-i686-1/lib/libDriversLPC17xxgnu.a(lpc17xx_systick.o)
                0x00008fa8                SYSTICK_ClearCounterFlag
 .text          0x00008fcc        0x0 /usr/local/pkg/lpc1700-cmsis-lite-2011.01.26-i686-1/lib/libDriversLPC17xxgnu.a(lpc17xx_uart.o)
 .text.uart_set_divisors
                0x00008fcc      0x26c /usr/local/pkg/lpc1700-cmsis-lite-2011.01.26-i686-1/lib/libDriversLPC17xxgnu.a(lpc17xx_uart.o)
 .text.UART_Init
                0x00009238      0x368 /usr/local/pkg/lpc1700-cmsis-lite-2011.01.26-i686-1/lib/libDriversLPC17xxgnu.a(lpc17xx_uart.o)
                0x00009238                UART_Init
 .text.UART_DeInit
                0x000095a0       0xcc /usr/local/pkg/lpc1700-cmsis-lite-2011.01.26-i686-1/lib/libDriversLPC17xxgnu.a(lpc17xx_uart.o)
                0x000095a0                UART_DeInit
 .text.UART_ConfigStructInit
                0x0000966c       0x34 /usr/local/pkg/lpc1700-cmsis-lite-2011.01.26-i686-1/lib/libDriversLPC17xxgnu.a(lpc17xx_uart.o)
                0x0000966c                UART_ConfigStructInit
 .text.UART_SendByte
                0x000096a0       0x78 /usr/local/pkg/lpc1700-cmsis-lite-2011.01.26-i686-1/lib/libDriversLPC17xxgnu.a(lpc17xx_uart.o)
                0x000096a0                UART_SendByte
 .text.UART_ReceiveByte
                0x00009718       0x78 /usr/local/pkg/lpc1700-cmsis-lite-2011.01.26-i686-1/lib/libDriversLPC17xxgnu.a(lpc17xx_uart.o)
                0x00009718                UART_ReceiveByte
 .text.UART_Send
                0x00009790      0x10c /usr/local/pkg/lpc1700-cmsis-lite-2011.01.26-i686-1/lib/libDriversLPC17xxgnu.a(lpc17xx_uart.o)
                0x00009790                UART_Send
 .text.UART_Receive
                0x0000989c       0xd8 /usr/local/pkg/lpc1700-cmsis-lite-2011.01.26-i686-1/lib/libDriversLPC17xxgnu.a(lpc17xx_uart.o)
                0x0000989c                UART_Receive
 .text.UART_ForceBreak
                0x00009974       0x88 /usr/local/pkg/lpc1700-cmsis-lite-2011.01.26-i686-1/lib/libDriversLPC17xxgnu.a(lpc17xx_uart.o)
                0x00009974                UART_ForceBreak
 .text.UART_IntConfig
                0x000099fc      0x1d0 /usr/local/pkg/lpc1700-cmsis-lite-2011.01.26-i686-1/lib/libDriversLPC17xxgnu.a(lpc17xx_uart.o)
                0x000099fc                UART_IntConfig
 .text.UART_GetLineStatus
                0x00009bcc       0x7c /usr/local/pkg/lpc1700-cmsis-lite-2011.01.26-i686-1/lib/libDriversLPC17xxgnu.a(lpc17xx_uart.o)
                0x00009bcc                UART_GetLineStatus
 .text.UART_GetIntId
                0x00009c48       0x68 /usr/local/pkg/lpc1700-cmsis-lite-2011.01.26-i686-1/lib/libDriversLPC17xxgnu.a(lpc17xx_uart.o)
                0x00009c48                UART_GetIntId
 .text.UART_CheckBusy
                0x00009cb0       0x2c /usr/local/pkg/lpc1700-cmsis-lite-2011.01.26-i686-1/lib/libDriversLPC17xxgnu.a(lpc17xx_uart.o)
                0x00009cb0                UART_CheckBusy
 .text.UART_FIFOConfig
                0x00009cdc      0x184 /usr/local/pkg/lpc1700-cmsis-lite-2011.01.26-i686-1/lib/libDriversLPC17xxgnu.a(lpc17xx_uart.o)
                0x00009cdc                UART_FIFOConfig
 .text.UART_FIFOConfigStructInit
                0x00009e60       0x34 /usr/local/pkg/lpc1700-cmsis-lite-2011.01.26-i686-1/lib/libDriversLPC17xxgnu.a(lpc17xx_uart.o)
                0x00009e60                UART_FIFOConfigStructInit
 .text.UART_ABCmd
                0x00009e94      0x15c /usr/local/pkg/lpc1700-cmsis-lite-2011.01.26-i686-1/lib/libDriversLPC17xxgnu.a(lpc17xx_uart.o)
                0x00009e94                UART_ABCmd
 .text.UART_ABClearIntPending
                0x00009ff0       0x88 /usr/local/pkg/lpc1700-cmsis-lite-2011.01.26-i686-1/lib/libDriversLPC17xxgnu.a(lpc17xx_uart.o)
                0x00009ff0                UART_ABClearIntPending
 .text.UART_TxCmd
                0x0000a078       0xe8 /usr/local/pkg/lpc1700-cmsis-lite-2011.01.26-i686-1/lib/libDriversLPC17xxgnu.a(lpc17xx_uart.o)
                0x0000a078                UART_TxCmd
 .text.UART_IrDAInvtInputCmd
                0x0000a160       0x84 /usr/local/pkg/lpc1700-cmsis-lite-2011.01.26-i686-1/lib/libDriversLPC17xxgnu.a(lpc17xx_uart.o)
                0x0000a160                UART_IrDAInvtInputCmd
 .text.UART_IrDACmd
                0x0000a1e4       0x80 /usr/local/pkg/lpc1700-cmsis-lite-2011.01.26-i686-1/lib/libDriversLPC17xxgnu.a(lpc17xx_uart.o)
                0x0000a1e4                UART_IrDACmd
 .text.UART_IrDAPulseDivConfig
                0x0000a264       0xac /usr/local/pkg/lpc1700-cmsis-lite-2011.01.26-i686-1/lib/libDriversLPC17xxgnu.a(lpc17xx_uart.o)
                0x0000a264                UART_IrDAPulseDivConfig
 .text.UART_FullModemForcePinState
                0x0000a310       0xcc /usr/local/pkg/lpc1700-cmsis-lite-2011.01.26-i686-1/lib/libDriversLPC17xxgnu.a(lpc17xx_uart.o)
                0x0000a310                UART_FullModemForcePinState
 .text.UART_FullModemConfigMode
                0x0000a3dc       0xd8 /usr/local/pkg/lpc1700-cmsis-lite-2011.01.26-i686-1/lib/libDriversLPC17xxgnu.a(lpc17xx_uart.o)
                0x0000a3dc                UART_FullModemConfigMode
 .text.UART_FullModemGetStatus
                0x0000a4b4       0x38 /usr/local/pkg/lpc1700-cmsis-lite-2011.01.26-i686-1/lib/libDriversLPC17xxgnu.a(lpc17xx_uart.o)
                0x0000a4b4                UART_FullModemGetStatus
 .text.UART_RS485Config
                0x0000a4ec      0x1bc /usr/local/pkg/lpc1700-cmsis-lite-2011.01.26-i686-1/lib/libDriversLPC17xxgnu.a(lpc17xx_uart.o)
                0x0000a4ec                UART_RS485Config
 .text.UART_RS485ReceiverCmd
                0x0000a6a8       0x48 /usr/local/pkg/lpc1700-cmsis-lite-2011.01.26-i686-1/lib/libDriversLPC17xxgnu.a(lpc17xx_uart.o)
                0x0000a6a8                UART_RS485ReceiverCmd
 .text.UART_RS485Send
                0x0000a6f0       0x84 /usr/local/pkg/lpc1700-cmsis-lite-2011.01.26-i686-1/lib/libDriversLPC17xxgnu.a(lpc17xx_uart.o)
                0x0000a6f0                UART_RS485Send
 .text.UART_RS485SendSlvAddr
                0x0000a774       0x28 /usr/local/pkg/lpc1700-cmsis-lite-2011.01.26-i686-1/lib/libDriversLPC17xxgnu.a(lpc17xx_uart.o)
                0x0000a774                UART_RS485SendSlvAddr
 .text.UART_RS485SendData
                0x0000a79c       0x28 /usr/local/pkg/lpc1700-cmsis-lite-2011.01.26-i686-1/lib/libDriversLPC17xxgnu.a(lpc17xx_uart.o)
                0x0000a79c                UART_RS485SendData
 .text          0x0000a7c4        0x0 /usr/local/pkg/lpc1700-cmsis-lite-2011.01.26-i686-1/lib/libDriversLPC17xxgnu.a(lpc17xx_clkpwr.o)
 .text.CLKPWR_SetPCLKDiv
                0x0000a7c4       0xd4 /usr/local/pkg/lpc1700-cmsis-lite-2011.01.26-i686-1/lib/libDriversLPC17xxgnu.a(lpc17xx_clkpwr.o)
                0x0000a7c4                CLKPWR_SetPCLKDiv
 .text.CLKPWR_GetPCLKSEL
                0x0000a898       0x54 /usr/local/pkg/lpc1700-cmsis-lite-2011.01.26-i686-1/lib/libDriversLPC17xxgnu.a(lpc17xx_clkpwr.o)
                0x0000a898                CLKPWR_GetPCLKSEL
 .text.CLKPWR_GetPCLK
                0x0000a8ec       0x70 /usr/local/pkg/lpc1700-cmsis-lite-2011.01.26-i686-1/lib/libDriversLPC17xxgnu.a(lpc17xx_clkpwr.o)
                0x0000a8ec                CLKPWR_GetPCLK
 .text.CLKPWR_ConfigPPWR
                0x0000a95c       0x80 /usr/local/pkg/lpc1700-cmsis-lite-2011.01.26-i686-1/lib/libDriversLPC17xxgnu.a(lpc17xx_clkpwr.o)
                0x0000a95c                CLKPWR_ConfigPPWR
 .text.CLKPWR_Sleep
                0x0000a9dc       0x1c /usr/local/pkg/lpc1700-cmsis-lite-2011.01.26-i686-1/lib/libDriversLPC17xxgnu.a(lpc17xx_clkpwr.o)
                0x0000a9dc                CLKPWR_Sleep
 .text.CLKPWR_DeepSleep
                0x0000a9f8       0x2c /usr/local/pkg/lpc1700-cmsis-lite-2011.01.26-i686-1/lib/libDriversLPC17xxgnu.a(lpc17xx_clkpwr.o)
                0x0000a9f8                CLKPWR_DeepSleep
 .text.CLKPWR_PowerDown
                0x0000aa24       0x2c /usr/local/pkg/lpc1700-cmsis-lite-2011.01.26-i686-1/lib/libDriversLPC17xxgnu.a(lpc17xx_clkpwr.o)
                0x0000aa24                CLKPWR_PowerDown
 .text.CLKPWR_DeepPowerDown
                0x0000aa50       0x2c /usr/local/pkg/lpc1700-cmsis-lite-2011.01.26-i686-1/lib/libDriversLPC17xxgnu.a(lpc17xx_clkpwr.o)
                0x0000aa50                CLKPWR_DeepPowerDown
 .text          0x0000aa7c      0x21c /opt/york/cs/net/sourcery-g++-lite-arm-eabi-2010.09.51-i686-1/bin/../lib/gcc/arm-none-eabi/4.5.1/thumb2/libgcc.a(_arm_addsubsf3.o)
                0x0000aa7c                __aeabi_frsub
                0x0000aa84                __subsf3
                0x0000aa84                __aeabi_fsub
                0x0000aa88                __aeabi_fadd
                0x0000aa88                __addsf3
                0x0000abe8                __aeabi_ui2f
                0x0000abe8                __floatunsisf
                0x0000abf0                __aeabi_i2f
                0x0000abf0                __floatsisf
                0x0000ac0c                __floatundisf
                0x0000ac0c                __aeabi_ul2f
                0x0000ac1c                __floatdisf
                0x0000ac1c                __aeabi_l2f
 .text          0x0000ac98       0xec /opt/york/cs/net/sourcery-g++-lite-arm-eabi-2010.09.51-i686-1/bin/../lib/gcc/arm-none-eabi/4.5.1/thumb2/libgcc.a(_arm_cmpsf2.o)
                0x0000ac98                __gtsf2
                0x0000ac98                __gesf2
                0x0000aca0                __lesf2
                0x0000aca0                __ltsf2
                0x0000aca8                __nesf2
                0x0000aca8                __eqsf2
                0x0000aca8                __cmpsf2
                0x0000ad08                __aeabi_cfrcmple
                0x0000ad10                __aeabi_cfcmple
                0x0000ad10                __aeabi_cfcmpeq
                0x0000ad20                __aeabi_fcmpeq
                0x0000ad34                __aeabi_fcmplt
                0x0000ad48                __aeabi_fcmple
                0x0000ad5c                __aeabi_fcmpge
                0x0000ad70                __aeabi_fcmpgt
 .text          0x0000ad84        0x0 /opt/york/cs/net/sourcery-g++-lite-arm-eabi-2010.09.51-i686-1/bin/../lib/gcc/arm-none-eabi/4.5.1/thumb2/crtend.o
 .text          0x0000ad84        0x0 /opt/york/cs/net/sourcery-g++-lite-arm-eabi-2010.09.51-i686-1/bin/../lib/gcc/arm-none-eabi/4.5.1/thumb2/crtn.o
 *(.plt)
 *(.gnu.warning)
 *(.glue_7t)
 .glue_7t       0x00000000        0x0 linker stubs
 *(.glue_7)
 .glue_7        0x00000000        0x0 linker stubs
 *(.vfp11_veneer)
 .vfp11_veneer  0x00000000        0x0 linker stubs
 *(.rodata .rodata.* .gnu.linkonce.r.*)
 .rodata        0x0000ad84        0x4 lcd.o
 .rodata.C.0.2068
                0x0000ad88        0x4 lcd.o
 .rodata.C.4.2120
                0x0000ad8c       0x10 lcd.o
 .rodata        0x0000ad9c       0x44 main.o
 .rodata        0x0000ade0       0x20 /usr/local/pkg/sourcery-g++-lite-arm-eabi-2010.09.51-i686-1/arm-none-eabi/lib/thumb2/libc.a(lib_a-svfprintf.o)
 .rodata.str1.4
                0x0000ae00       0x42 /usr/local/pkg/sourcery-g++-lite-arm-eabi-2010.09.51-i686-1/arm-none-eabi/lib/thumb2/libc.a(lib_a-svfprintf.o)
                                 0x44 (size before relaxing)
 *fill*         0x0000ae42        0x2 00
 .rodata.str1.4
                0x0000ae44       0x10 /usr/local/pkg/sourcery-g++-lite-arm-eabi-2010.09.51-i686-1/arm-none-eabi/lib/thumb2/libc.a(lib_a-dtoa.o)
                                 0x14 (size before relaxing)
 .rodata        0x0000ae54        0x4 /usr/local/pkg/sourcery-g++-lite-arm-eabi-2010.09.51-i686-1/arm-none-eabi/lib/thumb2/libc.a(lib_a-impure.o)
                0x0000ae54                _global_impure_ptr
 .rodata.str1.4
                0x0000ae58        0x2 /usr/local/pkg/sourcery-g++-lite-arm-eabi-2010.09.51-i686-1/arm-none-eabi/lib/thumb2/libc.a(lib_a-impure.o)
                                  0x4 (size before relaxing)
 *fill*         0x0000ae5a        0x2 00
 .rodata.str1.4
                0x0000ae5c        0xc /usr/local/pkg/sourcery-g++-lite-arm-eabi-2010.09.51-i686-1/arm-none-eabi/lib/thumb2/libc.a(lib_a-locale.o)
                                 0x14 (size before relaxing)
 .rodata        0x0000ae68      0x128 /usr/local/pkg/sourcery-g++-lite-arm-eabi-2010.09.51-i686-1/arm-none-eabi/lib/thumb2/libc.a(lib_a-mprec.o)
                0x0000ae78                __mprec_tens
                0x0000af40                __mprec_bigtens
                0x0000af68                __mprec_tinytens
 .rodata        0x0000af90       0x20 /usr/local/pkg/sourcery-g++-lite-arm-eabi-2010.09.51-i686-1/arm-none-eabi/lib/thumb2/libc.a(lib_a-svfiprintf.o)
 .rodata.str1.4
                0x00000000       0x30 /usr/local/pkg/sourcery-g++-lite-arm-eabi-2010.09.51-i686-1/arm-none-eabi/lib/thumb2/libc.a(lib_a-svfiprintf.o)
 .rodata        0x0000afb0       0x10 /usr/local/pkg/lpc1700-cmsis-lite-2011.01.26-i686-1/lib/libDriversLPC17xxgnu.a(lpc17xx_i2c.o)
 .rodata        0x0000afc0       0x14 /usr/local/pkg/lpc1700-cmsis-lite-2011.01.26-i686-1/lib/libDriversLPC17xxgnu.a(lpc17xx_systick.o)
 .rodata        0x0000afd4       0x10 /usr/local/pkg/lpc1700-cmsis-lite-2011.01.26-i686-1/lib/libDriversLPC17xxgnu.a(lpc17xx_uart.o)
 *(.ARM.extab* .gnu.linkonce.armextab.*)
 .ARM.extab.cs3.reset
                0x0000afe4        0x0 /usr/local/pkg/lpc1700-cmsis-lite-2011.01.26-i686-1/lib/startup_LPC17xx.o
 .ARM.extab     0x0000afe4        0x0 /opt/york/cs/net/sourcery-g++-lite-arm-eabi-2010.09.51-i686-1/bin/../lib/gcc/arm-none-eabi/4.5.1/thumb2/libgcc.a(_divdi3.o)
 .ARM.extab     0x0000afe4        0x0 /opt/york/cs/net/sourcery-g++-lite-arm-eabi-2010.09.51-i686-1/bin/../lib/gcc/arm-none-eabi/4.5.1/thumb2/libgcc.a(_udivdi3.o)
 *(.gcc_except_table)
 *(.eh_frame_hdr)
 *(.eh_frame)
                0x0000afe4                . = ALIGN (0x4)
 *(.init)
 .init          0x0000afe4        0x4 /opt/york/cs/net/sourcery-g++-lite-arm-eabi-2010.09.51-i686-1/bin/../lib/gcc/arm-none-eabi/4.5.1/thumb2/crti.o
                0x0000afe4                _init
 .init          0x0000afe8        0x8 /opt/york/cs/net/sourcery-g++-lite-arm-eabi-2010.09.51-i686-1/bin/../lib/gcc/arm-none-eabi/4.5.1/thumb2/crtn.o
                0x0000aff0                . = ALIGN (0x4)
                0x0000aff0                __preinit_array_start = .
 *(.preinit_array)
                0x0000aff0                __preinit_array_end = .
                0x0000aff0                . = ALIGN (0x4)
                0x0000aff0                __init_array_start = .
 *(SORT(.init_array.*))
 *(.init_array)
 .init_array    0x0000aff0        0x4 /opt/york/cs/net/sourcery-g++-lite-arm-eabi-2010.09.51-i686-1/bin/../lib/gcc/arm-none-eabi/4.5.1/thumb2/crtbegin.o
                0x0000aff4                __init_array_end = .
                0x0000aff4                . = ALIGN (0x4)
 *crtbegin.o(.ctors)
 *(EXCLUDE_FILE(*crtend.o) .ctors)
 *(SORT(.ctors.*))
 *crtend.o(.ctors)
                0x0000aff4                . = ALIGN (0x4)
 *(.fini)
 .fini          0x0000aff4        0x4 /opt/york/cs/net/sourcery-g++-lite-arm-eabi-2010.09.51-i686-1/bin/../lib/gcc/arm-none-eabi/4.5.1/thumb2/crti.o
                0x0000aff4                _fini
 .fini          0x0000aff8        0x8 /opt/york/cs/net/sourcery-g++-lite-arm-eabi-2010.09.51-i686-1/bin/../lib/gcc/arm-none-eabi/4.5.1/thumb2/crtn.o
                0x0000b000                . = ALIGN (0x4)
                0x0000b000                __fini_array_start = .
 *(.fini_array)
 .fini_array    0x0000b000        0x4 /opt/york/cs/net/sourcery-g++-lite-arm-eabi-2010.09.51-i686-1/bin/../lib/gcc/arm-none-eabi/4.5.1/thumb2/crtbegin.o
 *(SORT(.fini_array.*))
                0x0000b004                __fini_array_end = .
 *crtbegin.o(.dtors)
 *(EXCLUDE_FILE(*crtend.o) .dtors)
 *(SORT(.dtors.*))
 *crtend.o(.dtors)
                0x0000b004                . = ALIGN (0x4)
                0x0000b004                __cs3_regions = .
                0x0000b004        0x4 LONG 0x0
                0x0000b008        0x4 LONG 0xb020 __cs3_region_init_ram
                0x0000b00c        0x4 LONG 0x10000000 __cs3_region_start_ram
                0x0000b010        0x4 LONG 0x598 __cs3_region_init_size_ram
                0x0000b014        0x4 LONG 0x80 __cs3_region_zero_size_ram
                0x0000b018                __exidx_start = .

.v4_bx          0x0000b018        0x0
 .v4_bx         0x00000000        0x0 linker stubs

.ARM.exidx      0x0000b018        0x8
 *(.ARM.exidx* .gnu.linkonce.armexidx.*)
 .ARM.exidx.cs3.reset
                0x0000b018        0x8 /usr/local/pkg/lpc1700-cmsis-lite-2011.01.26-i686-1/lib/startup_LPC17xx.o
 .ARM.exidx     0x0000b020        0x0 /opt/york/cs/net/sourcery-g++-lite-arm-eabi-2010.09.51-i686-1/bin/../lib/gcc/arm-none-eabi/4.5.1/thumb2/libgcc.a(_divdi3.o)
                                  0x8 (size before relaxing)
 .ARM.exidx     0x0000b020        0x0 /opt/york/cs/net/sourcery-g++-lite-arm-eabi-2010.09.51-i686-1/bin/../lib/gcc/arm-none-eabi/4.5.1/thumb2/libgcc.a(_udivdi3.o)
                                  0x8 (size before relaxing)
                0x0000b020                __exidx_end = .

.text.align     0x0000b020        0x0
                0x0000b020                . = ALIGN (0x8)
                0x0000b020                _etext = .
                0x00080000                __cs3_region_size_rom = 0x80000
                0x00000001                __cs3_region_num = 0x1

.data           0x10000000      0x598 load address 0x0000b020
                0x10000000                __cs3_region_start_ram = .
 *(.cs3.region-head.ram)
 *(.jcr)
 .jcr           0x10000000        0x0 /opt/york/cs/net/sourcery-g++-lite-arm-eabi-2010.09.51-i686-1/bin/../lib/gcc/arm-none-eabi/4.5.1/thumb2/crtbegin.o
 .jcr           0x10000000        0x4 /opt/york/cs/net/sourcery-g++-lite-arm-eabi-2010.09.51-i686-1/bin/../lib/gcc/arm-none-eabi/4.5.1/thumb2/crtend.o
 *(.got.plt)
 *(.got)
 *(.shdata)
 *(.data .data.* .gnu.linkonce.d.*)
 .data          0x10000004        0x0 /opt/york/cs/net/sourcery-g++-lite-arm-eabi-2010.09.51-i686-1/bin/../lib/gcc/arm-none-eabi/4.5.1/thumb2/crti.o
 .data          0x10000004        0x4 /opt/york/cs/net/sourcery-g++-lite-arm-eabi-2010.09.51-i686-1/bin/../lib/gcc/arm-none-eabi/4.5.1/thumb2/crtbegin.o
                0x10000004                __dso_handle
 .data          0x10000008        0x0 debug.o
 .data          0x10000008        0x0 i2c.o
 .data          0x10000008        0x0 systick.o
 .data.time     0x10000008        0x4 systick.o
                0x10000008                time
 .data          0x1000000c        0x0 lcd.o
 .data          0x1000000c        0x0 keypad.o
 .data          0x1000000c        0x0 main.o
 .data          0x1000000c        0x0 /usr/local/pkg/lpc1700-cmsis-lite-2011.01.26-i686-1/lib/core_cm3.o
 .data          0x1000000c        0x0 /usr/local/pkg/lpc1700-cmsis-lite-2011.01.26-i686-1/lib/system_LPC17xx.o
 .data.SystemCoreClock
                0x1000000c        0x4 /usr/local/pkg/lpc1700-cmsis-lite-2011.01.26-i686-1/lib/system_LPC17xx.o
                0x1000000c                SystemCoreClock
 .data          0x10000010        0x0 /usr/local/pkg/lpc1700-cmsis-lite-2011.01.26-i686-1/lib/startup_LPC17xx.o
 .data          0x10000010        0x0 /usr/local/pkg/sourcery-g++-lite-arm-eabi-2010.09.51-i686-1/arm-none-eabi/lib/thumb2/libc.a(lib_a-snprintf.o)
 .data          0x10000010        0x0 /usr/local/pkg/sourcery-g++-lite-arm-eabi-2010.09.51-i686-1/arm-none-eabi/lib/thumb2/libc.a(lib_a-strlen.o)
 .data          0x10000010        0x0 /usr/local/pkg/sourcery-g++-lite-arm-eabi-2010.09.51-i686-1/arm-none-eabi/lib/thumb2/libc.a(lib_a-svfprintf.o)
 .data          0x10000010        0x0 /usr/local/pkg/sourcery-g++-lite-arm-eabi-2010.09.51-i686-1/arm-none-eabi/lib/thumb2/libc.a(lib_a-dtoa.o)
 .data          0x10000010       0xf4 /usr/local/pkg/sourcery-g++-lite-arm-eabi-2010.09.51-i686-1/arm-none-eabi/lib/thumb2/libc.a(lib_a-impure.o)
                0x10000010                _impure_ptr
 .data          0x10000104       0x7c /usr/local/pkg/sourcery-g++-lite-arm-eabi-2010.09.51-i686-1/arm-none-eabi/lib/thumb2/libc.a(lib_a-locale.o)
                0x10000124                __mb_cur_max
 .data          0x10000180        0x0 /usr/local/pkg/sourcery-g++-lite-arm-eabi-2010.09.51-i686-1/arm-none-eabi/lib/thumb2/libc.a(lib_a-malloc.o)
 .data          0x10000180      0x410 /usr/local/pkg/sourcery-g++-lite-arm-eabi-2010.09.51-i686-1/arm-none-eabi/lib/thumb2/libc.a(lib_a-mallocr.o)
                0x10000180                __malloc_av_
                0x10000588                __malloc_sbrk_base
                0x1000058c                __malloc_trim_threshold
 .data          0x10000590        0x0 /usr/local/pkg/sourcery-g++-lite-arm-eabi-2010.09.51-i686-1/arm-none-eabi/lib/thumb2/libc.a(lib_a-memchr.o)
 .data          0x10000590        0x0 /usr/local/pkg/sourcery-g++-lite-arm-eabi-2010.09.51-i686-1/arm-none-eabi/lib/thumb2/libc.a(lib_a-memcpy.o)
 .data          0x10000590        0x0 /usr/local/pkg/sourcery-g++-lite-arm-eabi-2010.09.51-i686-1/arm-none-eabi/lib/thumb2/libc.a(lib_a-mlock.o)
 .data          0x10000590        0x0 /usr/local/pkg/sourcery-g++-lite-arm-eabi-2010.09.51-i686-1/arm-none-eabi/lib/thumb2/libc.a(lib_a-mprec.o)
 .data          0x10000590        0x0 /usr/local/pkg/sourcery-g++-lite-arm-eabi-2010.09.51-i686-1/arm-none-eabi/lib/thumb2/libc.a(lib_a-s_fpclassify.o)
 .data          0x10000590        0x0 /usr/local/pkg/sourcery-g++-lite-arm-eabi-2010.09.51-i686-1/arm-none-eabi/lib/thumb2/libc.a(lib_a-sbrkr.o)
 .data          0x10000590        0x0 /usr/local/pkg/sourcery-g++-lite-arm-eabi-2010.09.51-i686-1/arm-none-eabi/lib/thumb2/libc.a(lib_a-strcmp.o)
 .data          0x10000590        0x0 /usr/local/pkg/sourcery-g++-lite-arm-eabi-2010.09.51-i686-1/arm-none-eabi/lib/thumb2/libc.a(lib_a-svfiprintf.o)
 .data          0x10000590        0x0 /usr/local/pkg/sourcery-g++-lite-arm-eabi-2010.09.51-i686-1/arm-none-eabi/lib/thumb2/libc.a(lib_a-callocr.o)
 .data          0x10000590        0x0 /usr/local/pkg/sourcery-g++-lite-arm-eabi-2010.09.51-i686-1/arm-none-eabi/lib/thumb2/libc.a(lib_a-freer.o)
 .data          0x10000590        0x0 /usr/local/pkg/sourcery-g++-lite-arm-eabi-2010.09.51-i686-1/arm-none-eabi/lib/thumb2/libc.a(lib_a-memmove.o)
 .data          0x10000590        0x0 /usr/local/pkg/sourcery-g++-lite-arm-eabi-2010.09.51-i686-1/arm-none-eabi/lib/thumb2/libc.a(lib_a-memset.o)
 .data          0x10000590        0x0 /usr/local/pkg/sourcery-g++-lite-arm-eabi-2010.09.51-i686-1/arm-none-eabi/lib/thumb2/libc.a(lib_a-reallocr.o)
 .data          0x10000590        0x0 /usr/local/pkg/sourcery-g++-lite-arm-eabi-2010.09.51-i686-1/arm-none-eabi/lib/thumb2/libc.a(lib_a-reent.o)
 .data          0x10000590        0x0 /opt/york/cs/net/sourcery-g++-lite-arm-eabi-2010.09.51-i686-1/bin/../lib/gcc/arm-none-eabi/4.5.1/thumb2/libgcc.a(_udivsi3.o)
 .data          0x10000590        0x0 /opt/york/cs/net/sourcery-g++-lite-arm-eabi-2010.09.51-i686-1/bin/../lib/gcc/arm-none-eabi/4.5.1/thumb2/libgcc.a(_dvmd_tls.o)
 .data          0x10000590        0x0 /opt/york/cs/net/sourcery-g++-lite-arm-eabi-2010.09.51-i686-1/bin/../lib/gcc/arm-none-eabi/4.5.1/thumb2/libgcc.a(_arm_addsubdf3.o)
 .data          0x10000590        0x0 /opt/york/cs/net/sourcery-g++-lite-arm-eabi-2010.09.51-i686-1/bin/../lib/gcc/arm-none-eabi/4.5.1/thumb2/libgcc.a(_arm_muldivdf3.o)
 .data          0x10000590        0x0 /opt/york/cs/net/sourcery-g++-lite-arm-eabi-2010.09.51-i686-1/bin/../lib/gcc/arm-none-eabi/4.5.1/thumb2/libgcc.a(_arm_cmpdf2.o)
 .data          0x10000590        0x0 /opt/york/cs/net/sourcery-g++-lite-arm-eabi-2010.09.51-i686-1/bin/../lib/gcc/arm-none-eabi/4.5.1/thumb2/libgcc.a(_arm_fixdfsi.o)
 .data          0x10000590        0x0 /opt/york/cs/net/sourcery-g++-lite-arm-eabi-2010.09.51-i686-1/bin/../lib/gcc/arm-none-eabi/4.5.1/thumb2/libgcc.a(_arm_muldivsf3.o)
 .data          0x10000590        0x0 /opt/york/cs/net/sourcery-g++-lite-arm-eabi-2010.09.51-i686-1/bin/../lib/gcc/arm-none-eabi/4.5.1/thumb2/libgcc.a(_arm_fixsfsi.o)
 .data          0x10000590        0x0 /opt/york/cs/net/sourcery-g++-lite-arm-eabi-2010.09.51-i686-1/bin/../lib/gcc/arm-none-eabi/4.5.1/thumb2/libgcc.a(_aeabi_uldivmod.o)
 .data          0x10000590        0x0 /opt/york/cs/net/sourcery-g++-lite-arm-eabi-2010.09.51-i686-1/bin/../lib/gcc/arm-none-eabi/4.5.1/thumb2/libgcc.a(bpabi.o)
 .data          0x10000590        0x0 /opt/york/cs/net/sourcery-g++-lite-arm-eabi-2010.09.51-i686-1/bin/../lib/gcc/arm-none-eabi/4.5.1/thumb2/libgcc.a(_divdi3.o)
 .data          0x10000590        0x0 /opt/york/cs/net/sourcery-g++-lite-arm-eabi-2010.09.51-i686-1/bin/../lib/gcc/arm-none-eabi/4.5.1/thumb2/libgcc.a(_udivdi3.o)
 .data          0x10000590        0x0 /usr/local/pkg/sourcery-g++-lite-arm-eabi-2010.09.51-i686-1/arm-none-eabi/lib/thumb2/libcs3.a(start_c.o)
 .data          0x10000590        0x4 /usr/local/pkg/sourcery-g++-lite-arm-eabi-2010.09.51-i686-1/arm-none-eabi/lib/thumb2/libcs3unhosted.a(unhosted-sbrk.o)
 .data          0x10000594        0x0 /usr/local/pkg/sourcery-g++-lite-arm-eabi-2010.09.51-i686-1/arm-none-eabi/lib/thumb2/libcs3unhosted.a(unhosted-start.o)
 .data          0x10000594        0x0 /usr/local/pkg/sourcery-g++-lite-arm-eabi-2010.09.51-i686-1/arm-none-eabi/lib/thumb2/libc.a(lib_a-errno.o)
 .data          0x10000594        0x0 /usr/local/pkg/sourcery-g++-lite-arm-eabi-2010.09.51-i686-1/arm-none-eabi/lib/thumb2/libc.a(lib_a-init.o)
 .data          0x10000594        0x4 /usr/local/pkg/sourcery-g++-lite-arm-eabi-2010.09.51-i686-1/arm-none-eabi/lib/thumb2/libcs3.a(heap.o)
                0x10000594                __cs3_heap_limit
 .data          0x10000598        0x0 /usr/local/pkg/lpc1700-cmsis-lite-2011.01.26-i686-1/lib/libDriversLPC17xxgnu.a(lpc17xx_i2c.o)
 .data          0x10000598        0x0 /usr/local/pkg/lpc1700-cmsis-lite-2011.01.26-i686-1/lib/libDriversLPC17xxgnu.a(lpc17xx_libcfg_default.o)
 .data          0x10000598        0x0 /usr/local/pkg/lpc1700-cmsis-lite-2011.01.26-i686-1/lib/libDriversLPC17xxgnu.a(lpc17xx_pinsel.o)
 .data          0x10000598        0x0 /usr/local/pkg/lpc1700-cmsis-lite-2011.01.26-i686-1/lib/libDriversLPC17xxgnu.a(lpc17xx_systick.o)
 .data          0x10000598        0x0 /usr/local/pkg/lpc1700-cmsis-lite-2011.01.26-i686-1/lib/libDriversLPC17xxgnu.a(lpc17xx_uart.o)
 .data          0x10000598        0x0 /usr/local/pkg/lpc1700-cmsis-lite-2011.01.26-i686-1/lib/libDriversLPC17xxgnu.a(lpc17xx_clkpwr.o)
 .data          0x10000598        0x0 /opt/york/cs/net/sourcery-g++-lite-arm-eabi-2010.09.51-i686-1/bin/../lib/gcc/arm-none-eabi/4.5.1/thumb2/libgcc.a(_arm_addsubsf3.o)
 .data          0x10000598        0x0 /opt/york/cs/net/sourcery-g++-lite-arm-eabi-2010.09.51-i686-1/bin/../lib/gcc/arm-none-eabi/4.5.1/thumb2/libgcc.a(_arm_cmpsf2.o)
 .data          0x10000598        0x0 /opt/york/cs/net/sourcery-g++-lite-arm-eabi-2010.09.51-i686-1/bin/../lib/gcc/arm-none-eabi/4.5.1/thumb2/crtend.o
 .data          0x10000598        0x0 /opt/york/cs/net/sourcery-g++-lite-arm-eabi-2010.09.51-i686-1/bin/../lib/gcc/arm-none-eabi/4.5.1/thumb2/crtn.o
 *(.ram)
                0x10000598                . = ALIGN (0x8)
                0x10000598                _edata = .

.bss            0x10000598       0x80 load address 0x0000b5b8
 *(.shbss)
 *(.bss .bss.* .gnu.linkonce.b.*)
 .bss           0x10000598        0x0 /opt/york/cs/net/sourcery-g++-lite-arm-eabi-2010.09.51-i686-1/bin/../lib/gcc/arm-none-eabi/4.5.1/thumb2/crti.o
 .bss           0x10000598        0x1 /opt/york/cs/net/sourcery-g++-lite-arm-eabi-2010.09.51-i686-1/bin/../lib/gcc/arm-none-eabi/4.5.1/thumb2/crtbegin.o
 .bss           0x10000599        0x0 debug.o
 .bss           0x10000599        0x0 i2c.o
 .bss           0x10000599        0x0 systick.o
 .bss           0x10000599        0x0 lcd.o
 .bss           0x10000599        0x0 keypad.o
 .bss           0x10000599        0x0 main.o
 .bss           0x10000599        0x0 /usr/local/pkg/lpc1700-cmsis-lite-2011.01.26-i686-1/lib/core_cm3.o
 .bss           0x10000599        0x0 /usr/local/pkg/lpc1700-cmsis-lite-2011.01.26-i686-1/lib/system_LPC17xx.o
 .bss           0x10000599        0x0 /usr/local/pkg/lpc1700-cmsis-lite-2011.01.26-i686-1/lib/startup_LPC17xx.o
 .bss           0x10000599        0x0 /usr/local/pkg/sourcery-g++-lite-arm-eabi-2010.09.51-i686-1/arm-none-eabi/lib/thumb2/libc.a(lib_a-snprintf.o)
 .bss           0x10000599        0x0 /usr/local/pkg/sourcery-g++-lite-arm-eabi-2010.09.51-i686-1/arm-none-eabi/lib/thumb2/libc.a(lib_a-strlen.o)
 .bss           0x10000599        0x0 /usr/local/pkg/sourcery-g++-lite-arm-eabi-2010.09.51-i686-1/arm-none-eabi/lib/thumb2/libc.a(lib_a-svfprintf.o)
 .bss           0x10000599        0x0 /usr/local/pkg/sourcery-g++-lite-arm-eabi-2010.09.51-i686-1/arm-none-eabi/lib/thumb2/libc.a(lib_a-dtoa.o)
 .bss           0x10000599        0x0 /usr/local/pkg/sourcery-g++-lite-arm-eabi-2010.09.51-i686-1/arm-none-eabi/lib/thumb2/libc.a(lib_a-impure.o)
 *fill*         0x10000599        0x3 00
 .bss           0x1000059c        0xc /usr/local/pkg/sourcery-g++-lite-arm-eabi-2010.09.51-i686-1/arm-none-eabi/lib/thumb2/libc.a(lib_a-locale.o)
                0x1000059c                __nlocale_changed
                0x100005a0                __mlocale_changed
                0x100005a4                _PathLocale
 .bss           0x100005a8        0x0 /usr/local/pkg/sourcery-g++-lite-arm-eabi-2010.09.51-i686-1/arm-none-eabi/lib/thumb2/libc.a(lib_a-malloc.o)
 .bss           0x100005a8       0x34 /usr/local/pkg/sourcery-g++-lite-arm-eabi-2010.09.51-i686-1/arm-none-eabi/lib/thumb2/libc.a(lib_a-mallocr.o)
                0x100005a8                __malloc_top_pad
                0x100005ac                __malloc_current_mallinfo
                0x100005d4                __malloc_max_sbrked_mem
                0x100005d8                __malloc_max_total_mem
 .bss           0x100005dc        0x0 /usr/local/pkg/sourcery-g++-lite-arm-eabi-2010.09.51-i686-1/arm-none-eabi/lib/thumb2/libc.a(lib_a-memchr.o)
 .bss           0x100005dc        0x0 /usr/local/pkg/sourcery-g++-lite-arm-eabi-2010.09.51-i686-1/arm-none-eabi/lib/thumb2/libc.a(lib_a-memcpy.o)
 .bss           0x100005dc        0x0 /usr/local/pkg/sourcery-g++-lite-arm-eabi-2010.09.51-i686-1/arm-none-eabi/lib/thumb2/libc.a(lib_a-mlock.o)
 .bss           0x100005dc        0x0 /usr/local/pkg/sourcery-g++-lite-arm-eabi-2010.09.51-i686-1/arm-none-eabi/lib/thumb2/libc.a(lib_a-mprec.o)
 .bss           0x100005dc        0x0 /usr/local/pkg/sourcery-g++-lite-arm-eabi-2010.09.51-i686-1/arm-none-eabi/lib/thumb2/libc.a(lib_a-s_fpclassify.o)
 .bss           0x100005dc        0x0 /usr/local/pkg/sourcery-g++-lite-arm-eabi-2010.09.51-i686-1/arm-none-eabi/lib/thumb2/libc.a(lib_a-sbrkr.o)
 .bss           0x100005dc        0x0 /usr/local/pkg/sourcery-g++-lite-arm-eabi-2010.09.51-i686-1/arm-none-eabi/lib/thumb2/libc.a(lib_a-strcmp.o)
 .bss           0x100005dc        0x0 /usr/local/pkg/sourcery-g++-lite-arm-eabi-2010.09.51-i686-1/arm-none-eabi/lib/thumb2/libc.a(lib_a-svfiprintf.o)
 .bss           0x100005dc        0x0 /usr/local/pkg/sourcery-g++-lite-arm-eabi-2010.09.51-i686-1/arm-none-eabi/lib/thumb2/libc.a(lib_a-callocr.o)
 .bss           0x100005dc        0x0 /usr/local/pkg/sourcery-g++-lite-arm-eabi-2010.09.51-i686-1/arm-none-eabi/lib/thumb2/libc.a(lib_a-freer.o)
 .bss           0x100005dc        0x0 /usr/local/pkg/sourcery-g++-lite-arm-eabi-2010.09.51-i686-1/arm-none-eabi/lib/thumb2/libc.a(lib_a-memmove.o)
 .bss           0x100005dc        0x0 /usr/local/pkg/sourcery-g++-lite-arm-eabi-2010.09.51-i686-1/arm-none-eabi/lib/thumb2/libc.a(lib_a-memset.o)
 .bss           0x100005dc        0x0 /usr/local/pkg/sourcery-g++-lite-arm-eabi-2010.09.51-i686-1/arm-none-eabi/lib/thumb2/libc.a(lib_a-reallocr.o)
 .bss           0x100005dc        0x0 /usr/local/pkg/sourcery-g++-lite-arm-eabi-2010.09.51-i686-1/arm-none-eabi/lib/thumb2/libc.a(lib_a-reent.o)
 .bss           0x100005dc        0x0 /opt/york/cs/net/sourcery-g++-lite-arm-eabi-2010.09.51-i686-1/bin/../lib/gcc/arm-none-eabi/4.5.1/thumb2/libgcc.a(_udivsi3.o)
 .bss           0x100005dc        0x0 /opt/york/cs/net/sourcery-g++-lite-arm-eabi-2010.09.51-i686-1/bin/../lib/gcc/arm-none-eabi/4.5.1/thumb2/libgcc.a(_dvmd_tls.o)
 .bss           0x100005dc        0x0 /opt/york/cs/net/sourcery-g++-lite-arm-eabi-2010.09.51-i686-1/bin/../lib/gcc/arm-none-eabi/4.5.1/thumb2/libgcc.a(_arm_addsubdf3.o)
 .bss           0x100005dc        0x0 /opt/york/cs/net/sourcery-g++-lite-arm-eabi-2010.09.51-i686-1/bin/../lib/gcc/arm-none-eabi/4.5.1/thumb2/libgcc.a(_arm_muldivdf3.o)
 .bss           0x100005dc        0x0 /opt/york/cs/net/sourcery-g++-lite-arm-eabi-2010.09.51-i686-1/bin/../lib/gcc/arm-none-eabi/4.5.1/thumb2/libgcc.a(_arm_cmpdf2.o)
 .bss           0x100005dc        0x0 /opt/york/cs/net/sourcery-g++-lite-arm-eabi-2010.09.51-i686-1/bin/../lib/gcc/arm-none-eabi/4.5.1/thumb2/libgcc.a(_arm_fixdfsi.o)
 .bss           0x100005dc        0x0 /opt/york/cs/net/sourcery-g++-lite-arm-eabi-2010.09.51-i686-1/bin/../lib/gcc/arm-none-eabi/4.5.1/thumb2/libgcc.a(_arm_muldivsf3.o)
 .bss           0x100005dc        0x0 /opt/york/cs/net/sourcery-g++-lite-arm-eabi-2010.09.51-i686-1/bin/../lib/gcc/arm-none-eabi/4.5.1/thumb2/libgcc.a(_arm_fixsfsi.o)
 .bss           0x100005dc        0x0 /opt/york/cs/net/sourcery-g++-lite-arm-eabi-2010.09.51-i686-1/bin/../lib/gcc/arm-none-eabi/4.5.1/thumb2/libgcc.a(_aeabi_uldivmod.o)
 .bss           0x100005dc        0x0 /opt/york/cs/net/sourcery-g++-lite-arm-eabi-2010.09.51-i686-1/bin/../lib/gcc/arm-none-eabi/4.5.1/thumb2/libgcc.a(bpabi.o)
 .bss           0x100005dc        0x0 /opt/york/cs/net/sourcery-g++-lite-arm-eabi-2010.09.51-i686-1/bin/../lib/gcc/arm-none-eabi/4.5.1/thumb2/libgcc.a(_divdi3.o)
 .bss           0x100005dc        0x0 /opt/york/cs/net/sourcery-g++-lite-arm-eabi-2010.09.51-i686-1/bin/../lib/gcc/arm-none-eabi/4.5.1/thumb2/libgcc.a(_udivdi3.o)
 .bss           0x100005dc        0x0 /usr/local/pkg/sourcery-g++-lite-arm-eabi-2010.09.51-i686-1/arm-none-eabi/lib/thumb2/libcs3.a(start_c.o)
 .bss           0x100005dc        0x0 /usr/local/pkg/sourcery-g++-lite-arm-eabi-2010.09.51-i686-1/arm-none-eabi/lib/thumb2/libcs3unhosted.a(unhosted-sbrk.o)
 .bss           0x100005dc        0x0 /usr/local/pkg/sourcery-g++-lite-arm-eabi-2010.09.51-i686-1/arm-none-eabi/lib/thumb2/libcs3unhosted.a(unhosted-start.o)
 .bss           0x100005dc        0x0 /usr/local/pkg/sourcery-g++-lite-arm-eabi-2010.09.51-i686-1/arm-none-eabi/lib/thumb2/libc.a(lib_a-errno.o)
 .bss           0x100005dc        0x0 /usr/local/pkg/sourcery-g++-lite-arm-eabi-2010.09.51-i686-1/arm-none-eabi/lib/thumb2/libc.a(lib_a-init.o)
 .bss           0x100005dc        0x0 /usr/local/pkg/sourcery-g++-lite-arm-eabi-2010.09.51-i686-1/arm-none-eabi/lib/thumb2/libcs3.a(heap.o)
 .bss           0x100005dc        0x0 /usr/local/pkg/lpc1700-cmsis-lite-2011.01.26-i686-1/lib/libDriversLPC17xxgnu.a(lpc17xx_i2c.o)
 .bss.i2cdat    0x100005dc       0x18 /usr/local/pkg/lpc1700-cmsis-lite-2011.01.26-i686-1/lib/libDriversLPC17xxgnu.a(lpc17xx_i2c.o)
 .bss.I2C_MasterComplete
                0x100005f4        0xc /usr/local/pkg/lpc1700-cmsis-lite-2011.01.26-i686-1/lib/libDriversLPC17xxgnu.a(lpc17xx_i2c.o)
 .bss.I2C_SlaveComplete
                0x10000600        0xc /usr/local/pkg/lpc1700-cmsis-lite-2011.01.26-i686-1/lib/libDriversLPC17xxgnu.a(lpc17xx_i2c.o)
 .bss.I2C_MonitorBufferIndex
                0x1000060c        0x4 /usr/local/pkg/lpc1700-cmsis-lite-2011.01.26-i686-1/lib/libDriversLPC17xxgnu.a(lpc17xx_i2c.o)
 .bss           0x10000610        0x0 /usr/local/pkg/lpc1700-cmsis-lite-2011.01.26-i686-1/lib/libDriversLPC17xxgnu.a(lpc17xx_libcfg_default.o)
 .bss           0x10000610        0x0 /usr/local/pkg/lpc1700-cmsis-lite-2011.01.26-i686-1/lib/libDriversLPC17xxgnu.a(lpc17xx_pinsel.o)
 .bss           0x10000610        0x0 /usr/local/pkg/lpc1700-cmsis-lite-2011.01.26-i686-1/lib/libDriversLPC17xxgnu.a(lpc17xx_systick.o)
 .bss           0x10000610        0x0 /usr/local/pkg/lpc1700-cmsis-lite-2011.01.26-i686-1/lib/libDriversLPC17xxgnu.a(lpc17xx_uart.o)
 .bss           0x10000610        0x0 /usr/local/pkg/lpc1700-cmsis-lite-2011.01.26-i686-1/lib/libDriversLPC17xxgnu.a(lpc17xx_clkpwr.o)
 .bss           0x10000610        0x0 /opt/york/cs/net/sourcery-g++-lite-arm-eabi-2010.09.51-i686-1/bin/../lib/gcc/arm-none-eabi/4.5.1/thumb2/libgcc.a(_arm_addsubsf3.o)
 .bss           0x10000610        0x0 /opt/york/cs/net/sourcery-g++-lite-arm-eabi-2010.09.51-i686-1/bin/../lib/gcc/arm-none-eabi/4.5.1/thumb2/libgcc.a(_arm_cmpsf2.o)
 .bss           0x10000610        0x0 /opt/york/cs/net/sourcery-g++-lite-arm-eabi-2010.09.51-i686-1/bin/../lib/gcc/arm-none-eabi/4.5.1/thumb2/crtend.o
 .bss           0x10000610        0x0 /opt/york/cs/net/sourcery-g++-lite-arm-eabi-2010.09.51-i686-1/bin/../lib/gcc/arm-none-eabi/4.5.1/thumb2/crtn.o
 *(COMMON)
 COMMON         0x10000610        0x4 /usr/local/pkg/sourcery-g++-lite-arm-eabi-2010.09.51-i686-1/arm-none-eabi/lib/thumb2/libc.a(lib_a-reent.o)
                0x10000610                errno
 *(.ram.b)
                0x10000618                . = ALIGN (0x8)
 *fill*         0x10000614        0x4 00
                0x10000618                _end = .
                0x10000618                __end = .

.usb_ram
 *.o(USB_RAM)

.heap           0x10000618     0x1000
 *(.heap)
 .heap          0x10000618     0x1000 /usr/local/pkg/lpc1700-cmsis-lite-2011.01.26-i686-1/lib/startup_LPC17xx.o
                0x10000618                __cs3_heap_start
                0x10001618                __cs3_heap_end

.stack          0x10007f00      0x100
 *(.stack)
 .stack         0x10007f00      0x100 /usr/local/pkg/lpc1700-cmsis-lite-2011.01.26-i686-1/lib/startup_LPC17xx.o
                0x10007f00                __cs3_stack_mem
                0x10008000                _estack = .
                0x10008000                PROVIDE (estack, .)
                0x0000b020                __cs3_region_init_ram = LOADADDR (.data)
                0x00000598                __cs3_region_init_size_ram = (_edata - __cs3_region_start_ram)
                0x00000080                __cs3_region_zero_size_ram = (_end - _edata)
                0x00008000                __cs3_region_size_ram = 0x8000
                0x00000001                __cs3_region_num = 0x1

.stab
 *(.stab)

.stabstr
 *(.stabstr)

.debug
 *(.debug)

.line
 *(.line)

.debug_srcinfo
 *(.debug_srcinfo)

.debug_sfnames
 *(.debug_sfnames)

.comment        0x00000000       0x2a
 .comment       0x00000000       0x2a debug.o
                                 0x2b (size before relaxing)
 .comment       0x00000000       0x2b i2c.o
 .comment       0x00000000       0x2b systick.o
 .comment       0x00000000       0x2b lcd.o
 .comment       0x00000000       0x2b keypad.o
 .comment       0x00000000       0x2b main.o
 .comment       0x00000000       0x2b /usr/local/pkg/lpc1700-cmsis-lite-2011.01.26-i686-1/lib/core_cm3.o
 .comment       0x00000000       0x2b /usr/local/pkg/lpc1700-cmsis-lite-2011.01.26-i686-1/lib/system_LPC17xx.o
 .comment       0x00000000       0x2b /usr/local/pkg/lpc1700-cmsis-lite-2011.01.26-i686-1/lib/libDriversLPC17xxgnu.a(lpc17xx_i2c.o)
 .comment       0x00000000       0x2b /usr/local/pkg/lpc1700-cmsis-lite-2011.01.26-i686-1/lib/libDriversLPC17xxgnu.a(lpc17xx_libcfg_default.o)
 .comment       0x00000000       0x2b /usr/local/pkg/lpc1700-cmsis-lite-2011.01.26-i686-1/lib/libDriversLPC17xxgnu.a(lpc17xx_pinsel.o)
 .comment       0x00000000       0x2b /usr/local/pkg/lpc1700-cmsis-lite-2011.01.26-i686-1/lib/libDriversLPC17xxgnu.a(lpc17xx_systick.o)
 .comment       0x00000000       0x2b /usr/local/pkg/lpc1700-cmsis-lite-2011.01.26-i686-1/lib/libDriversLPC17xxgnu.a(lpc17xx_uart.o)
 .comment       0x00000000       0x2b /usr/local/pkg/lpc1700-cmsis-lite-2011.01.26-i686-1/lib/libDriversLPC17xxgnu.a(lpc17xx_clkpwr.o)

.debug_aranges  0x00000000      0x460
 *(.debug_aranges)
 .debug_aranges
                0x00000000       0x40 debug.o
 .debug_aranges
                0x00000040       0x30 i2c.o
 .debug_aranges
                0x00000070       0x30 systick.o
 .debug_aranges
                0x000000a0       0x48 lcd.o
 .debug_aranges
                0x000000e8       0x28 keypad.o
 .debug_aranges
                0x00000110       0x28 main.o
 .debug_aranges
                0x00000138       0x28 /usr/local/pkg/lpc1700-cmsis-lite-2011.01.26-i686-1/lib/system_LPC17xx.o
 .debug_aranges
                0x00000160       0x28 /usr/local/pkg/lpc1700-cmsis-lite-2011.01.26-i686-1/lib/startup_LPC17xx.o
 .debug_aranges
                0x00000188       0xd0 /usr/local/pkg/lpc1700-cmsis-lite-2011.01.26-i686-1/lib/libDriversLPC17xxgnu.a(lpc17xx_i2c.o)
 .debug_aranges
                0x00000258       0x20 /usr/local/pkg/lpc1700-cmsis-lite-2011.01.26-i686-1/lib/libDriversLPC17xxgnu.a(lpc17xx_libcfg_default.o)
 .debug_aranges
                0x00000278       0x48 /usr/local/pkg/lpc1700-cmsis-lite-2011.01.26-i686-1/lib/libDriversLPC17xxgnu.a(lpc17xx_pinsel.o)
 .debug_aranges
                0x000002c0       0x48 /usr/local/pkg/lpc1700-cmsis-lite-2011.01.26-i686-1/lib/libDriversLPC17xxgnu.a(lpc17xx_systick.o)
 .debug_aranges
                0x00000308      0x100 /usr/local/pkg/lpc1700-cmsis-lite-2011.01.26-i686-1/lib/libDriversLPC17xxgnu.a(lpc17xx_uart.o)
 .debug_aranges
                0x00000408       0x58 /usr/local/pkg/lpc1700-cmsis-lite-2011.01.26-i686-1/lib/libDriversLPC17xxgnu.a(lpc17xx_clkpwr.o)

.debug_pubnames
                0x00000000      0x7d9
 *(.debug_pubnames)
 .debug_pubnames
                0x00000000       0x85 debug.o
 .debug_pubnames
                0x00000085       0x37 i2c.o
 .debug_pubnames
                0x000000bc       0x51 systick.o
 .debug_pubnames
                0x0000010d       0x74 lcd.o
 .debug_pubnames
                0x00000181       0x3a keypad.o
 .debug_pubnames
                0x000001bb       0x24 main.o
 .debug_pubnames
                0x000001df       0x4f /usr/local/pkg/lpc1700-cmsis-lite-2011.01.26-i686-1/lib/system_LPC17xx.o
 .debug_pubnames
                0x0000022e      0x163 /usr/local/pkg/lpc1700-cmsis-lite-2011.01.26-i686-1/lib/libDriversLPC17xxgnu.a(lpc17xx_i2c.o)
 .debug_pubnames
                0x00000391       0x23 /usr/local/pkg/lpc1700-cmsis-lite-2011.01.26-i686-1/lib/libDriversLPC17xxgnu.a(lpc17xx_libcfg_default.o)
 .debug_pubnames
                0x000003b4       0x59 /usr/local/pkg/lpc1700-cmsis-lite-2011.01.26-i686-1/lib/libDriversLPC17xxgnu.a(lpc17xx_pinsel.o)
 .debug_pubnames
                0x0000040d       0xa0 /usr/local/pkg/lpc1700-cmsis-lite-2011.01.26-i686-1/lib/libDriversLPC17xxgnu.a(lpc17xx_systick.o)
 .debug_pubnames
                0x000004ad      0x271 /usr/local/pkg/lpc1700-cmsis-lite-2011.01.26-i686-1/lib/libDriversLPC17xxgnu.a(lpc17xx_uart.o)
 .debug_pubnames
                0x0000071e       0xbb /usr/local/pkg/lpc1700-cmsis-lite-2011.01.26-i686-1/lib/libDriversLPC17xxgnu.a(lpc17xx_clkpwr.o)

.debug_info     0x00000000     0x43b1
 *(.debug_info .gnu.linkonce.wi.*)
 .debug_info    0x00000000      0x5a6 debug.o
 .debug_info    0x000005a6      0x409 i2c.o
 .debug_info    0x000009af      0x13d systick.o
 .debug_info    0x00000aec      0x26f lcd.o
 .debug_info    0x00000d5b      0x117 keypad.o
 .debug_info    0x00000e72      0x175 main.o
 .debug_info    0x00000fe7       0x68 /usr/local/pkg/lpc1700-cmsis-lite-2011.01.26-i686-1/lib/core_cm3.o
 .debug_info    0x0000104f      0x509 /usr/local/pkg/lpc1700-cmsis-lite-2011.01.26-i686-1/lib/system_LPC17xx.o
 .debug_info    0x00001558       0xc1 /usr/local/pkg/lpc1700-cmsis-lite-2011.01.26-i686-1/lib/startup_LPC17xx.o
 .debug_info    0x00001619      0xdac /usr/local/pkg/lpc1700-cmsis-lite-2011.01.26-i686-1/lib/libDriversLPC17xxgnu.a(lpc17xx_i2c.o)
 .debug_info    0x000023c5       0xc9 /usr/local/pkg/lpc1700-cmsis-lite-2011.01.26-i686-1/lib/libDriversLPC17xxgnu.a(lpc17xx_libcfg_default.o)
 .debug_info    0x0000248e      0x4b5 /usr/local/pkg/lpc1700-cmsis-lite-2011.01.26-i686-1/lib/libDriversLPC17xxgnu.a(lpc17xx_pinsel.o)
 .debug_info    0x00002943      0x25c /usr/local/pkg/lpc1700-cmsis-lite-2011.01.26-i686-1/lib/libDriversLPC17xxgnu.a(lpc17xx_systick.o)
 .debug_info    0x00002b9f     0x114d /usr/local/pkg/lpc1700-cmsis-lite-2011.01.26-i686-1/lib/libDriversLPC17xxgnu.a(lpc17xx_uart.o)
 .debug_info    0x00003cec      0x6c5 /usr/local/pkg/lpc1700-cmsis-lite-2011.01.26-i686-1/lib/libDriversLPC17xxgnu.a(lpc17xx_clkpwr.o)

.debug_abbrev   0x00000000      0xef4
 *(.debug_abbrev)
 .debug_abbrev  0x00000000      0x18f debug.o
 .debug_abbrev  0x0000018f      0x11c i2c.o
 .debug_abbrev  0x000002ab       0xe6 systick.o
 .debug_abbrev  0x00000391       0xc6 lcd.o
 .debug_abbrev  0x00000457       0x95 keypad.o
 .debug_abbrev  0x000004ec       0xb8 main.o
 .debug_abbrev  0x000005a4       0x28 /usr/local/pkg/lpc1700-cmsis-lite-2011.01.26-i686-1/lib/core_cm3.o
 .debug_abbrev  0x000005cc      0x102 /usr/local/pkg/lpc1700-cmsis-lite-2011.01.26-i686-1/lib/system_LPC17xx.o
 .debug_abbrev  0x000006ce       0x12 /usr/local/pkg/lpc1700-cmsis-lite-2011.01.26-i686-1/lib/startup_LPC17xx.o
 .debug_abbrev  0x000006e0      0x214 /usr/local/pkg/lpc1700-cmsis-lite-2011.01.26-i686-1/lib/libDriversLPC17xxgnu.a(lpc17xx_i2c.o)
 .debug_abbrev  0x000008f4       0x68 /usr/local/pkg/lpc1700-cmsis-lite-2011.01.26-i686-1/lib/libDriversLPC17xxgnu.a(lpc17xx_libcfg_default.o)
 .debug_abbrev  0x0000095c      0x11d /usr/local/pkg/lpc1700-cmsis-lite-2011.01.26-i686-1/lib/libDriversLPC17xxgnu.a(lpc17xx_pinsel.o)
 .debug_abbrev  0x00000a79      0x118 /usr/local/pkg/lpc1700-cmsis-lite-2011.01.26-i686-1/lib/libDriversLPC17xxgnu.a(lpc17xx_systick.o)
 .debug_abbrev  0x00000b91      0x1ce /usr/local/pkg/lpc1700-cmsis-lite-2011.01.26-i686-1/lib/libDriversLPC17xxgnu.a(lpc17xx_uart.o)
 .debug_abbrev  0x00000d5f      0x195 /usr/local/pkg/lpc1700-cmsis-lite-2011.01.26-i686-1/lib/libDriversLPC17xxgnu.a(lpc17xx_clkpwr.o)

.debug_line     0x00000000     0x2139
 *(.debug_line)
 .debug_line    0x00000000      0x193 debug.o
 .debug_line    0x00000193      0x170 i2c.o
 .debug_line    0x00000303      0x13b systick.o
 .debug_line    0x0000043e      0x197 lcd.o
 .debug_line    0x000005d5      0x112 keypad.o
 .debug_line    0x000006e7       0xf2 main.o
 .debug_line    0x000007d9       0x1d /usr/local/pkg/lpc1700-cmsis-lite-2011.01.26-i686-1/lib/core_cm3.o
 .debug_line    0x000007f6      0x1e4 /usr/local/pkg/lpc1700-cmsis-lite-2011.01.26-i686-1/lib/system_LPC17xx.o
 .debug_line    0x000009da       0xb1 /usr/local/pkg/lpc1700-cmsis-lite-2011.01.26-i686-1/lib/startup_LPC17xx.o
 .debug_line    0x00000a8b      0x67c /usr/local/pkg/lpc1700-cmsis-lite-2011.01.26-i686-1/lib/libDriversLPC17xxgnu.a(lpc17xx_i2c.o)
 .debug_line    0x00001107       0xc4 /usr/local/pkg/lpc1700-cmsis-lite-2011.01.26-i686-1/lib/libDriversLPC17xxgnu.a(lpc17xx_libcfg_default.o)
 .debug_line    0x000011cb      0x220 /usr/local/pkg/lpc1700-cmsis-lite-2011.01.26-i686-1/lib/libDriversLPC17xxgnu.a(lpc17xx_pinsel.o)
 .debug_line    0x000013eb      0x22c /usr/local/pkg/lpc1700-cmsis-lite-2011.01.26-i686-1/lib/libDriversLPC17xxgnu.a(lpc17xx_systick.o)
 .debug_line    0x00001617      0x888 /usr/local/pkg/lpc1700-cmsis-lite-2011.01.26-i686-1/lib/libDriversLPC17xxgnu.a(lpc17xx_uart.o)
 .debug_line    0x00001e9f      0x29a /usr/local/pkg/lpc1700-cmsis-lite-2011.01.26-i686-1/lib/libDriversLPC17xxgnu.a(lpc17xx_clkpwr.o)

.debug_frame    0x00000000     0x152c
 *(.debug_frame)
 .debug_frame   0x00000000       0xb8 debug.o
 .debug_frame   0x000000b8       0x70 i2c.o
 .debug_frame   0x00000128       0x64 systick.o
 .debug_frame   0x0000018c       0xd0 lcd.o
 .debug_frame   0x0000025c       0x50 keypad.o
 .debug_frame   0x000002ac       0x4c main.o
 .debug_frame   0x000002f8       0x40 /usr/local/pkg/lpc1700-cmsis-lite-2011.01.26-i686-1/lib/system_LPC17xx.o
 .debug_frame   0x00000338       0x64 /usr/local/pkg/sourcery-g++-lite-arm-eabi-2010.09.51-i686-1/arm-none-eabi/lib/thumb2/libc.a(lib_a-snprintf.o)
 .debug_frame   0x0000039c       0x20 /usr/local/pkg/sourcery-g++-lite-arm-eabi-2010.09.51-i686-1/arm-none-eabi/lib/thumb2/libc.a(lib_a-strlen.o)
 .debug_frame   0x000003bc       0x3c /usr/local/pkg/sourcery-g++-lite-arm-eabi-2010.09.51-i686-1/arm-none-eabi/lib/thumb2/libc.a(lib_a-svfprintf.o)
 .debug_frame   0x000003f8       0x68 /usr/local/pkg/sourcery-g++-lite-arm-eabi-2010.09.51-i686-1/arm-none-eabi/lib/thumb2/libc.a(lib_a-dtoa.o)
 .debug_frame   0x00000460       0x98 /usr/local/pkg/sourcery-g++-lite-arm-eabi-2010.09.51-i686-1/arm-none-eabi/lib/thumb2/libc.a(lib_a-locale.o)
 .debug_frame   0x000004f8       0x30 /usr/local/pkg/sourcery-g++-lite-arm-eabi-2010.09.51-i686-1/arm-none-eabi/lib/thumb2/libc.a(lib_a-malloc.o)
 .debug_frame   0x00000528       0x3c /usr/local/pkg/sourcery-g++-lite-arm-eabi-2010.09.51-i686-1/arm-none-eabi/lib/thumb2/libc.a(lib_a-mallocr.o)
 .debug_frame   0x00000564       0x2c /usr/local/pkg/sourcery-g++-lite-arm-eabi-2010.09.51-i686-1/arm-none-eabi/lib/thumb2/libc.a(lib_a-memchr.o)
 .debug_frame   0x00000590       0x30 /usr/local/pkg/sourcery-g++-lite-arm-eabi-2010.09.51-i686-1/arm-none-eabi/lib/thumb2/libc.a(lib_a-memcpy.o)
 .debug_frame   0x000005c0       0x30 /usr/local/pkg/sourcery-g++-lite-arm-eabi-2010.09.51-i686-1/arm-none-eabi/lib/thumb2/libc.a(lib_a-mlock.o)
 .debug_frame   0x000005f0      0x244 /usr/local/pkg/sourcery-g++-lite-arm-eabi-2010.09.51-i686-1/arm-none-eabi/lib/thumb2/libc.a(lib_a-mprec.o)
 .debug_frame   0x00000834       0x28 /usr/local/pkg/sourcery-g++-lite-arm-eabi-2010.09.51-i686-1/arm-none-eabi/lib/thumb2/libc.a(lib_a-s_fpclassify.o)
 .debug_frame   0x0000085c       0x2c /usr/local/pkg/sourcery-g++-lite-arm-eabi-2010.09.51-i686-1/arm-none-eabi/lib/thumb2/libc.a(lib_a-sbrkr.o)
 .debug_frame   0x00000888       0x30 /usr/local/pkg/sourcery-g++-lite-arm-eabi-2010.09.51-i686-1/arm-none-eabi/lib/thumb2/libc.a(lib_a-strcmp.o)
 .debug_frame   0x000008b8       0x68 /usr/local/pkg/sourcery-g++-lite-arm-eabi-2010.09.51-i686-1/arm-none-eabi/lib/thumb2/libc.a(lib_a-svfiprintf.o)
 .debug_frame   0x00000920       0x2c /usr/local/pkg/sourcery-g++-lite-arm-eabi-2010.09.51-i686-1/arm-none-eabi/lib/thumb2/libc.a(lib_a-callocr.o)
 .debug_frame   0x0000094c       0x50 /usr/local/pkg/sourcery-g++-lite-arm-eabi-2010.09.51-i686-1/arm-none-eabi/lib/thumb2/libc.a(lib_a-freer.o)
 .debug_frame   0x0000099c       0x2c /usr/local/pkg/sourcery-g++-lite-arm-eabi-2010.09.51-i686-1/arm-none-eabi/lib/thumb2/libc.a(lib_a-memmove.o)
 .debug_frame   0x000009c8       0x2c /usr/local/pkg/sourcery-g++-lite-arm-eabi-2010.09.51-i686-1/arm-none-eabi/lib/thumb2/libc.a(lib_a-memset.o)
 .debug_frame   0x000009f4       0x3c /usr/local/pkg/sourcery-g++-lite-arm-eabi-2010.09.51-i686-1/arm-none-eabi/lib/thumb2/libc.a(lib_a-reallocr.o)
 .debug_frame   0x00000a30       0x64 /usr/local/pkg/sourcery-g++-lite-arm-eabi-2010.09.51-i686-1/arm-none-eabi/lib/thumb2/libc.a(lib_a-reent.o)
 .debug_frame   0x00000a94       0x20 /opt/york/cs/net/sourcery-g++-lite-arm-eabi-2010.09.51-i686-1/bin/../lib/gcc/arm-none-eabi/4.5.1/thumb2/libgcc.a(_udivsi3.o)
 .debug_frame   0x00000ab4       0x50 /opt/york/cs/net/sourcery-g++-lite-arm-eabi-2010.09.51-i686-1/bin/../lib/gcc/arm-none-eabi/4.5.1/thumb2/libgcc.a(bpabi.o)
 .debug_frame   0x00000b04       0x3c /opt/york/cs/net/sourcery-g++-lite-arm-eabi-2010.09.51-i686-1/bin/../lib/gcc/arm-none-eabi/4.5.1/thumb2/libgcc.a(_divdi3.o)
 .debug_frame   0x00000b40       0x3c /opt/york/cs/net/sourcery-g++-lite-arm-eabi-2010.09.51-i686-1/bin/../lib/gcc/arm-none-eabi/4.5.1/thumb2/libgcc.a(_udivdi3.o)
 .debug_frame   0x00000b7c       0x40 /usr/local/pkg/sourcery-g++-lite-arm-eabi-2010.09.51-i686-1/arm-none-eabi/lib/thumb2/libcs3.a(start_c.o)
 .debug_frame   0x00000bbc       0x28 /usr/local/pkg/sourcery-g++-lite-arm-eabi-2010.09.51-i686-1/arm-none-eabi/lib/thumb2/libcs3unhosted.a(unhosted-sbrk.o)
 .debug_frame   0x00000be4       0x20 /usr/local/pkg/sourcery-g++-lite-arm-eabi-2010.09.51-i686-1/arm-none-eabi/lib/thumb2/libc.a(lib_a-errno.o)
 .debug_frame   0x00000c04       0x2c /usr/local/pkg/sourcery-g++-lite-arm-eabi-2010.09.51-i686-1/arm-none-eabi/lib/thumb2/libc.a(lib_a-init.o)
 .debug_frame   0x00000c30      0x2d0 /usr/local/pkg/lpc1700-cmsis-lite-2011.01.26-i686-1/lib/libDriversLPC17xxgnu.a(lpc17xx_i2c.o)
 .debug_frame   0x00000f00       0x2c /usr/local/pkg/lpc1700-cmsis-lite-2011.01.26-i686-1/lib/libDriversLPC17xxgnu.a(lpc17xx_libcfg_default.o)
 .debug_frame   0x00000f2c       0xbc /usr/local/pkg/lpc1700-cmsis-lite-2011.01.26-i686-1/lib/libDriversLPC17xxgnu.a(lpc17xx_pinsel.o)
 .debug_frame   0x00000fe8       0xc0 /usr/local/pkg/lpc1700-cmsis-lite-2011.01.26-i686-1/lib/libDriversLPC17xxgnu.a(lpc17xx_systick.o)
 .debug_frame   0x000010a8      0x3a0 /usr/local/pkg/lpc1700-cmsis-lite-2011.01.26-i686-1/lib/libDriversLPC17xxgnu.a(lpc17xx_uart.o)
 .debug_frame   0x00001448       0xe4 /usr/local/pkg/lpc1700-cmsis-lite-2011.01.26-i686-1/lib/libDriversLPC17xxgnu.a(lpc17xx_clkpwr.o)

.debug_str      0x00000000     0x198a
 *(.debug_str)
 .debug_str     0x00000000      0x3d5 debug.o
                                0x42b (size before relaxing)
 .debug_str     0x000003d5      0x192 i2c.o
                                0x2e0 (size before relaxing)
 .debug_str     0x00000567       0x36 systick.o
                                0x136 (size before relaxing)
 .debug_str     0x0000059d       0x65 lcd.o
                                0x147 (size before relaxing)
 .debug_str     0x00000602       0x45 keypad.o
                                0x119 (size before relaxing)
 .debug_str     0x00000647       0x37 main.o
                                0x112 (size before relaxing)
 .debug_str     0x0000067e       0x42 /usr/local/pkg/lpc1700-cmsis-lite-2011.01.26-i686-1/lib/core_cm3.o
                                 0xd2 (size before relaxing)
 .debug_str     0x000006c0      0x1d9 /usr/local/pkg/lpc1700-cmsis-lite-2011.01.26-i686-1/lib/system_LPC17xx.o
                                0x2d5 (size before relaxing)
 .debug_str     0x00000899      0x5bc /usr/local/pkg/lpc1700-cmsis-lite-2011.01.26-i686-1/lib/libDriversLPC17xxgnu.a(lpc17xx_i2c.o)
                                0x840 (size before relaxing)
 .debug_str     0x00000e55       0x2b /usr/local/pkg/lpc1700-cmsis-lite-2011.01.26-i686-1/lib/libDriversLPC17xxgnu.a(lpc17xx_libcfg_default.o)
                                0x107 (size before relaxing)
 .debug_str     0x00000e80      0x1fb /usr/local/pkg/lpc1700-cmsis-lite-2011.01.26-i686-1/lib/libDriversLPC17xxgnu.a(lpc17xx_pinsel.o)
                                0x359 (size before relaxing)
 .debug_str     0x0000107b       0xb2 /usr/local/pkg/lpc1700-cmsis-lite-2011.01.26-i686-1/lib/libDriversLPC17xxgnu.a(lpc17xx_systick.o)
                                0x1e6 (size before relaxing)
 .debug_str     0x0000112d      0x7a0 /usr/local/pkg/lpc1700-cmsis-lite-2011.01.26-i686-1/lib/libDriversLPC17xxgnu.a(lpc17xx_uart.o)
                                0xb32 (size before relaxing)
 .debug_str     0x000018cd       0xbd /usr/local/pkg/lpc1700-cmsis-lite-2011.01.26-i686-1/lib/libDriversLPC17xxgnu.a(lpc17xx_clkpwr.o)
                                0x380 (size before relaxing)

.debug_loc      0x00000000     0x148e
 *(.debug_loc)
 .debug_loc     0x00000000      0x118 debug.o
 .debug_loc     0x00000118       0xac i2c.o
 .debug_loc     0x000001c4       0x90 systick.o
 .debug_loc     0x00000254      0x150 lcd.o
 .debug_loc     0x000003a4       0x70 keypad.o
 .debug_loc     0x00000414       0x70 main.o
 .debug_loc     0x00000484       0x58 /usr/local/pkg/lpc1700-cmsis-lite-2011.01.26-i686-1/lib/system_LPC17xx.o
 .debug_loc     0x000004dc      0x508 /usr/local/pkg/lpc1700-cmsis-lite-2011.01.26-i686-1/lib/libDriversLPC17xxgnu.a(lpc17xx_i2c.o)
 .debug_loc     0x000009e4       0x38 /usr/local/pkg/lpc1700-cmsis-lite-2011.01.26-i686-1/lib/libDriversLPC17xxgnu.a(lpc17xx_libcfg_default.o)
 .debug_loc     0x00000a1c      0x150 /usr/local/pkg/lpc1700-cmsis-lite-2011.01.26-i686-1/lib/libDriversLPC17xxgnu.a(lpc17xx_pinsel.o)
 .debug_loc     0x00000b6c      0x138 /usr/local/pkg/lpc1700-cmsis-lite-2011.01.26-i686-1/lib/libDriversLPC17xxgnu.a(lpc17xx_systick.o)
 .debug_loc     0x00000ca4      0x65a /usr/local/pkg/lpc1700-cmsis-lite-2011.01.26-i686-1/lib/libDriversLPC17xxgnu.a(lpc17xx_uart.o)
 .debug_loc     0x000012fe      0x190 /usr/local/pkg/lpc1700-cmsis-lite-2011.01.26-i686-1/lib/libDriversLPC17xxgnu.a(lpc17xx_clkpwr.o)

.debug_macinfo
 *(.debug_macinfo)

.debug_weaknames
 *(.debug_weaknames)

.debug_funcnames
 *(.debug_funcnames)

.debug_typenames
 *(.debug_typenames)

.debug_varnames
 *(.debug_varnames)

.note.gnu.arm.ident
 *(.note.gnu.arm.ident)

.ARM.attributes
                0x00000000       0x25
 *(.ARM.attributes)
 .ARM.attributes
                0x00000000       0x19 /opt/york/cs/net/sourcery-g++-lite-arm-eabi-2010.09.51-i686-1/bin/../lib/gcc/arm-none-eabi/4.5.1/thumb2/crti.o
 .ARM.attributes
                0x00000019       0x29 /opt/york/cs/net/sourcery-g++-lite-arm-eabi-2010.09.51-i686-1/bin/../lib/gcc/arm-none-eabi/4.5.1/thumb2/crtbegin.o
 .ARM.attributes
                0x00000042       0x31 debug.o
 .ARM.attributes
                0x00000073       0x31 i2c.o
 .ARM.attributes
                0x000000a4       0x31 systick.o
 .ARM.attributes
                0x000000d5       0x31 lcd.o
 .ARM.attributes
                0x00000106       0x31 keypad.o
 .ARM.attributes
                0x00000137       0x31 main.o
 .ARM.attributes
                0x00000168       0x31 /usr/local/pkg/lpc1700-cmsis-lite-2011.01.26-i686-1/lib/core_cm3.o
 .ARM.attributes
                0x00000199       0x31 /usr/local/pkg/lpc1700-cmsis-lite-2011.01.26-i686-1/lib/system_LPC17xx.o
 .ARM.attributes
                0x000001ca       0x21 /usr/local/pkg/lpc1700-cmsis-lite-2011.01.26-i686-1/lib/startup_LPC17xx.o
 .ARM.attributes
                0x000001eb       0x29 /usr/local/pkg/sourcery-g++-lite-arm-eabi-2010.09.51-i686-1/arm-none-eabi/lib/thumb2/libc.a(lib_a-snprintf.o)
 .ARM.attributes
                0x00000214       0x29 /usr/local/pkg/sourcery-g++-lite-arm-eabi-2010.09.51-i686-1/arm-none-eabi/lib/thumb2/libc.a(lib_a-strlen.o)
 .ARM.attributes
                0x0000023d       0x29 /usr/local/pkg/sourcery-g++-lite-arm-eabi-2010.09.51-i686-1/arm-none-eabi/lib/thumb2/libc.a(lib_a-svfprintf.o)
 .ARM.attributes
                0x00000266       0x29 /usr/local/pkg/sourcery-g++-lite-arm-eabi-2010.09.51-i686-1/arm-none-eabi/lib/thumb2/libc.a(lib_a-dtoa.o)
 .ARM.attributes
                0x0000028f       0x29 /usr/local/pkg/sourcery-g++-lite-arm-eabi-2010.09.51-i686-1/arm-none-eabi/lib/thumb2/libc.a(lib_a-impure.o)
 .ARM.attributes
                0x000002b8       0x29 /usr/local/pkg/sourcery-g++-lite-arm-eabi-2010.09.51-i686-1/arm-none-eabi/lib/thumb2/libc.a(lib_a-locale.o)
 .ARM.attributes
                0x000002e1       0x29 /usr/local/pkg/sourcery-g++-lite-arm-eabi-2010.09.51-i686-1/arm-none-eabi/lib/thumb2/libc.a(lib_a-malloc.o)
 .ARM.attributes
                0x0000030a       0x29 /usr/local/pkg/sourcery-g++-lite-arm-eabi-2010.09.51-i686-1/arm-none-eabi/lib/thumb2/libc.a(lib_a-mallocr.o)
 .ARM.attributes
                0x00000333       0x29 /usr/local/pkg/sourcery-g++-lite-arm-eabi-2010.09.51-i686-1/arm-none-eabi/lib/thumb2/libc.a(lib_a-memchr.o)
 .ARM.attributes
                0x0000035c       0x29 /usr/local/pkg/sourcery-g++-lite-arm-eabi-2010.09.51-i686-1/arm-none-eabi/lib/thumb2/libc.a(lib_a-memcpy.o)
 .ARM.attributes
                0x00000385       0x29 /usr/local/pkg/sourcery-g++-lite-arm-eabi-2010.09.51-i686-1/arm-none-eabi/lib/thumb2/libc.a(lib_a-mlock.o)
 .ARM.attributes
                0x000003ae       0x29 /usr/local/pkg/sourcery-g++-lite-arm-eabi-2010.09.51-i686-1/arm-none-eabi/lib/thumb2/libc.a(lib_a-mprec.o)
 .ARM.attributes
                0x000003d7       0x29 /usr/local/pkg/sourcery-g++-lite-arm-eabi-2010.09.51-i686-1/arm-none-eabi/lib/thumb2/libc.a(lib_a-s_fpclassify.o)
 .ARM.attributes
                0x00000400       0x29 /usr/local/pkg/sourcery-g++-lite-arm-eabi-2010.09.51-i686-1/arm-none-eabi/lib/thumb2/libc.a(lib_a-sbrkr.o)
 .ARM.attributes
                0x00000429       0x29 /usr/local/pkg/sourcery-g++-lite-arm-eabi-2010.09.51-i686-1/arm-none-eabi/lib/thumb2/libc.a(lib_a-strcmp.o)
 .ARM.attributes
                0x00000452       0x29 /usr/local/pkg/sourcery-g++-lite-arm-eabi-2010.09.51-i686-1/arm-none-eabi/lib/thumb2/libc.a(lib_a-svfiprintf.o)
 .ARM.attributes
                0x0000047b       0x29 /usr/local/pkg/sourcery-g++-lite-arm-eabi-2010.09.51-i686-1/arm-none-eabi/lib/thumb2/libc.a(lib_a-callocr.o)
 .ARM.attributes
                0x000004a4       0x29 /usr/local/pkg/sourcery-g++-lite-arm-eabi-2010.09.51-i686-1/arm-none-eabi/lib/thumb2/libc.a(lib_a-freer.o)
 .ARM.attributes
                0x000004cd       0x29 /usr/local/pkg/sourcery-g++-lite-arm-eabi-2010.09.51-i686-1/arm-none-eabi/lib/thumb2/libc.a(lib_a-memmove.o)
 .ARM.attributes
                0x000004f6       0x29 /usr/local/pkg/sourcery-g++-lite-arm-eabi-2010.09.51-i686-1/arm-none-eabi/lib/thumb2/libc.a(lib_a-memset.o)
 .ARM.attributes
                0x0000051f       0x29 /usr/local/pkg/sourcery-g++-lite-arm-eabi-2010.09.51-i686-1/arm-none-eabi/lib/thumb2/libc.a(lib_a-reallocr.o)
 .ARM.attributes
                0x00000548       0x29 /usr/local/pkg/sourcery-g++-lite-arm-eabi-2010.09.51-i686-1/arm-none-eabi/lib/thumb2/libc.a(lib_a-reent.o)
 .ARM.attributes
                0x00000571       0x1b /opt/york/cs/net/sourcery-g++-lite-arm-eabi-2010.09.51-i686-1/bin/../lib/gcc/arm-none-eabi/4.5.1/thumb2/libgcc.a(_udivsi3.o)
 .ARM.attributes
                0x0000058c       0x1b /opt/york/cs/net/sourcery-g++-lite-arm-eabi-2010.09.51-i686-1/bin/../lib/gcc/arm-none-eabi/4.5.1/thumb2/libgcc.a(_dvmd_tls.o)
 .ARM.attributes
                0x000005a7       0x1b /opt/york/cs/net/sourcery-g++-lite-arm-eabi-2010.09.51-i686-1/bin/../lib/gcc/arm-none-eabi/4.5.1/thumb2/libgcc.a(_arm_addsubdf3.o)
 .ARM.attributes
                0x000005c2       0x1b /opt/york/cs/net/sourcery-g++-lite-arm-eabi-2010.09.51-i686-1/bin/../lib/gcc/arm-none-eabi/4.5.1/thumb2/libgcc.a(_arm_muldivdf3.o)
 .ARM.attributes
                0x000005dd       0x1b /opt/york/cs/net/sourcery-g++-lite-arm-eabi-2010.09.51-i686-1/bin/../lib/gcc/arm-none-eabi/4.5.1/thumb2/libgcc.a(_arm_cmpdf2.o)
 .ARM.attributes
                0x000005f8       0x1b /opt/york/cs/net/sourcery-g++-lite-arm-eabi-2010.09.51-i686-1/bin/../lib/gcc/arm-none-eabi/4.5.1/thumb2/libgcc.a(_arm_fixdfsi.o)
 .ARM.attributes
                0x00000613       0x1b /opt/york/cs/net/sourcery-g++-lite-arm-eabi-2010.09.51-i686-1/bin/../lib/gcc/arm-none-eabi/4.5.1/thumb2/libgcc.a(_arm_muldivsf3.o)
 .ARM.attributes
                0x0000062e       0x1b /opt/york/cs/net/sourcery-g++-lite-arm-eabi-2010.09.51-i686-1/bin/../lib/gcc/arm-none-eabi/4.5.1/thumb2/libgcc.a(_arm_fixsfsi.o)
 .ARM.attributes
                0x00000649       0x1b /opt/york/cs/net/sourcery-g++-lite-arm-eabi-2010.09.51-i686-1/bin/../lib/gcc/arm-none-eabi/4.5.1/thumb2/libgcc.a(_aeabi_uldivmod.o)
 .ARM.attributes
                0x00000664       0x29 /opt/york/cs/net/sourcery-g++-lite-arm-eabi-2010.09.51-i686-1/bin/../lib/gcc/arm-none-eabi/4.5.1/thumb2/libgcc.a(bpabi.o)
 .ARM.attributes
                0x0000068d       0x29 /opt/york/cs/net/sourcery-g++-lite-arm-eabi-2010.09.51-i686-1/bin/../lib/gcc/arm-none-eabi/4.5.1/thumb2/libgcc.a(_divdi3.o)
 .ARM.attributes
                0x000006b6       0x29 /opt/york/cs/net/sourcery-g++-lite-arm-eabi-2010.09.51-i686-1/bin/../lib/gcc/arm-none-eabi/4.5.1/thumb2/libgcc.a(_udivdi3.o)
 .ARM.attributes
                0x000006df       0x29 /usr/local/pkg/sourcery-g++-lite-arm-eabi-2010.09.51-i686-1/arm-none-eabi/lib/thumb2/libcs3.a(start_c.o)
 .ARM.attributes
                0x00000708       0x29 /usr/local/pkg/sourcery-g++-lite-arm-eabi-2010.09.51-i686-1/arm-none-eabi/lib/thumb2/libcs3unhosted.a(unhosted-sbrk.o)
 .ARM.attributes
                0x00000731       0x19 /usr/local/pkg/sourcery-g++-lite-arm-eabi-2010.09.51-i686-1/arm-none-eabi/lib/thumb2/libcs3unhosted.a(unhosted-start.o)
 .ARM.attributes
                0x0000074a       0x29 /usr/local/pkg/sourcery-g++-lite-arm-eabi-2010.09.51-i686-1/arm-none-eabi/lib/thumb2/libc.a(lib_a-errno.o)
 .ARM.attributes
                0x00000773       0x29 /usr/local/pkg/sourcery-g++-lite-arm-eabi-2010.09.51-i686-1/arm-none-eabi/lib/thumb2/libc.a(lib_a-init.o)
 .ARM.attributes
                0x0000079c       0x29 /usr/local/pkg/sourcery-g++-lite-arm-eabi-2010.09.51-i686-1/arm-none-eabi/lib/thumb2/libcs3.a(heap.o)
 .ARM.attributes
                0x000007c5       0x31 /usr/local/pkg/lpc1700-cmsis-lite-2011.01.26-i686-1/lib/libDriversLPC17xxgnu.a(lpc17xx_i2c.o)
 .ARM.attributes